Archive member included to satisfy reference by file (symbol)

/Applications/STM32CubeIDE.app/Contents/Eclipse/plugins/com.st.stm32cube.ide.mcu.externaltools.gnu-tools-for-stm32.12.3.rel1.macos64_1.1.0.202410301201/tools/bin/../lib/gcc/arm-none-eabi/12.3.1/../../../../arm-none-eabi/lib/thumb/v7e-m+fp/hard/libc_nano.a(libc_a-exit.o)
                              /Applications/STM32CubeIDE.app/Contents/Eclipse/plugins/com.st.stm32cube.ide.mcu.externaltools.gnu-tools-for-stm32.12.3.rel1.macos64_1.1.0.202410301201/tools/bin/../lib/gcc/arm-none-eabi/12.3.1/../../../../arm-none-eabi/lib/thumb/v7e-m+fp/hard/crt0.o (exit)
/Applications/STM32CubeIDE.app/Contents/Eclipse/plugins/com.st.stm32cube.ide.mcu.externaltools.gnu-tools-for-stm32.12.3.rel1.macos64_1.1.0.202410301201/tools/bin/../lib/gcc/arm-none-eabi/12.3.1/../../../../arm-none-eabi/lib/thumb/v7e-m+fp/hard/libc_nano.a(libc_a-findfp.o)
                              /Applications/STM32CubeIDE.app/Contents/Eclipse/plugins/com.st.stm32cube.ide.mcu.externaltools.gnu-tools-for-stm32.12.3.rel1.macos64_1.1.0.202410301201/tools/bin/../lib/gcc/arm-none-eabi/12.3.1/../../../../arm-none-eabi/lib/thumb/v7e-m+fp/hard/libc_nano.a(libc_a-exit.o) (__stdio_exit_handler)
/Applications/STM32CubeIDE.app/Contents/Eclipse/plugins/com.st.stm32cube.ide.mcu.externaltools.gnu-tools-for-stm32.12.3.rel1.macos64_1.1.0.202410301201/tools/bin/../lib/gcc/arm-none-eabi/12.3.1/../../../../arm-none-eabi/lib/thumb/v7e-m+fp/hard/libc_nano.a(libc_a-fwalk.o)
                              /Applications/STM32CubeIDE.app/Contents/Eclipse/plugins/com.st.stm32cube.ide.mcu.externaltools.gnu-tools-for-stm32.12.3.rel1.macos64_1.1.0.202410301201/tools/bin/../lib/gcc/arm-none-eabi/12.3.1/../../../../arm-none-eabi/lib/thumb/v7e-m+fp/hard/libc_nano.a(libc_a-findfp.o) (_fwalk_sglue)
/Applications/STM32CubeIDE.app/Contents/Eclipse/plugins/com.st.stm32cube.ide.mcu.externaltools.gnu-tools-for-stm32.12.3.rel1.macos64_1.1.0.202410301201/tools/bin/../lib/gcc/arm-none-eabi/12.3.1/../../../../arm-none-eabi/lib/thumb/v7e-m+fp/hard/libc_nano.a(libc_a-printf.o)
                              ./Core/Src/ApplicationCode.o (printf)
/Applications/STM32CubeIDE.app/Contents/Eclipse/plugins/com.st.stm32cube.ide.mcu.externaltools.gnu-tools-for-stm32.12.3.rel1.macos64_1.1.0.202410301201/tools/bin/../lib/gcc/arm-none-eabi/12.3.1/../../../../arm-none-eabi/lib/thumb/v7e-m+fp/hard/libc_nano.a(libc_a-puts.o)
                              ./Core/Src/ApplicationCode.o (puts)
/Applications/STM32CubeIDE.app/Contents/Eclipse/plugins/com.st.stm32cube.ide.mcu.externaltools.gnu-tools-for-stm32.12.3.rel1.macos64_1.1.0.202410301201/tools/bin/../lib/gcc/arm-none-eabi/12.3.1/../../../../arm-none-eabi/lib/thumb/v7e-m+fp/hard/libc_nano.a(libc_a-memset.o)
                              /Applications/STM32CubeIDE.app/Contents/Eclipse/plugins/com.st.stm32cube.ide.mcu.externaltools.gnu-tools-for-stm32.12.3.rel1.macos64_1.1.0.202410301201/tools/bin/../lib/gcc/arm-none-eabi/12.3.1/../../../../arm-none-eabi/lib/thumb/v7e-m+fp/hard/crt0.o (memset)
/Applications/STM32CubeIDE.app/Contents/Eclipse/plugins/com.st.stm32cube.ide.mcu.externaltools.gnu-tools-for-stm32.12.3.rel1.macos64_1.1.0.202410301201/tools/bin/../lib/gcc/arm-none-eabi/12.3.1/../../../../arm-none-eabi/lib/thumb/v7e-m+fp/hard/libc_nano.a(libc_a-impure.o)
                              /Applications/STM32CubeIDE.app/Contents/Eclipse/plugins/com.st.stm32cube.ide.mcu.externaltools.gnu-tools-for-stm32.12.3.rel1.macos64_1.1.0.202410301201/tools/bin/../lib/gcc/arm-none-eabi/12.3.1/../../../../arm-none-eabi/lib/thumb/v7e-m+fp/hard/libc_nano.a(libc_a-printf.o) (_impure_ptr)
/Applications/STM32CubeIDE.app/Contents/Eclipse/plugins/com.st.stm32cube.ide.mcu.externaltools.gnu-tools-for-stm32.12.3.rel1.macos64_1.1.0.202410301201/tools/bin/../lib/gcc/arm-none-eabi/12.3.1/../../../../arm-none-eabi/lib/thumb/v7e-m+fp/hard/libc_nano.a(libc_a-errno.o)
                              ./Core/Src/syscalls.o (__errno)
/Applications/STM32CubeIDE.app/Contents/Eclipse/plugins/com.st.stm32cube.ide.mcu.externaltools.gnu-tools-for-stm32.12.3.rel1.macos64_1.1.0.202410301201/tools/bin/../lib/gcc/arm-none-eabi/12.3.1/../../../../arm-none-eabi/lib/thumb/v7e-m+fp/hard/libc_nano.a(libc_a-init.o)
                              /Applications/STM32CubeIDE.app/Contents/Eclipse/plugins/com.st.stm32cube.ide.mcu.externaltools.gnu-tools-for-stm32.12.3.rel1.macos64_1.1.0.202410301201/tools/bin/../lib/gcc/arm-none-eabi/12.3.1/../../../../arm-none-eabi/lib/thumb/v7e-m+fp/hard/crt0.o (__libc_init_array)
/Applications/STM32CubeIDE.app/Contents/Eclipse/plugins/com.st.stm32cube.ide.mcu.externaltools.gnu-tools-for-stm32.12.3.rel1.macos64_1.1.0.202410301201/tools/bin/../lib/gcc/arm-none-eabi/12.3.1/../../../../arm-none-eabi/lib/thumb/v7e-m+fp/hard/libc_nano.a(libc_a-lock.o)
[...]
Memory Configuration

Name             Origin             Length             Attributes
CCMRAM           0x10000000         0x00010000         xrw
RAM              0x20000000         0x00030000         xrw
FLASH            0x08000000         0x00200000         xr
*default*        0x00000000         0xffffffff

Linker script and memory map

LOAD /Applications/STM32CubeIDE.app/Contents/Eclipse/plugins/com.st.stm32cube.ide.mcu.externaltools.gnu-tools-for-stm32.12.3.rel1.macos64_1.1.0.202410301201/tools/bin/../lib/gcc/arm-none-eabi/12.3.1/thumb/v7e-m+fp/hard/crti.o
LOAD /Applications/STM32CubeIDE.app/Contents/Eclipse/plugins/com.st.stm32cube.ide.mcu.externaltools.gnu-tools-for-stm32.12.3.rel1.macos64_1.1.0.202410301201/tools/bin/../lib/gcc/arm-none-eabi/12.3.1/thumb/v7e-m+fp/hard/crtbegin.o
LOAD /Applications/STM32CubeIDE.app/Contents/Eclipse/plugins/com.st.stm32cube.ide.mcu.externaltools.gnu-tools-for-stm32.12.3.rel1.macos64_1.1.0.202410301201/tools/bin/../lib/gcc/arm-none-eabi/12.3.1/../../../../arm-none-eabi/lib/thumb/v7e-m+fp/hard/crt0.o
LOAD ./Core/Src/ApplicationCode.o
LOAD ./Core/Src/Game.o
LOAD ./Core/Src/LCD_Driver.o
LOAD ./Core/Src/fonts.o
LOAD ./Core/Src/ili9341.o
LOAD ./Core/Src/main.o
LOAD ./Core/Src/stm32f4xx_hal_msp.o
LOAD ./Core/Src/stm32f4xx_it.o
LOAD ./Core/Src/stmpe811.o
LOAD ./Core/Src/syscalls.o
LOAD ./Core/Src/sysmem.o
LOAD ./Core/Src/system_stm32f4xx.o
LOAD ./Core/Startup/startup_stm32f429zitx.o
LOAD ./Drivers/STM32F4xx_HAL_Driver/Src/stm32f4xx_hal.o
LOAD ./Drivers/STM32F4xx_HAL_Driver/Src/stm32f4xx_hal_cortex.o
LOAD ./Drivers/STM32F4xx_HAL_Driver/Src/stm32f4xx_hal_dma.o
LOAD ./Drivers/STM32F4xx_HAL_Driver/Src/stm32f4xx_hal_dma_ex.o
LOAD ./Drivers/STM32F4xx_HAL_Driver/Src/stm32f4xx_hal_dsi.o
LOAD ./Drivers/STM32F4xx_HAL_Driver/Src/stm32f4xx_hal_exti.o
LOAD ./Drivers/STM32F4xx_HAL_Driver/Src/stm32f4xx_hal_flash.o
LOAD ./Drivers/STM32F4xx_HAL_Driver/Src/stm32f4xx_hal_flash_ex.o
LOAD ./Drivers/STM32F4xx_HAL_Driver/Src/stm32f4xx_hal_flash_ramfunc.o
LOAD ./Drivers/STM32F4xx_HAL_Driver/Src/stm32f4xx_hal_gpio.o
LOAD ./Drivers/STM32F4xx_HAL_Driver/Src/stm32f4xx_hal_i2c.o
LOAD ./Drivers/STM32F4xx_HAL_Driver/Src/stm32f4xx_hal_i2c_ex.o
LOAD ./Drivers/STM32F4xx_HAL_Driver/Src/stm32f4xx_hal_ltdc.o
LOAD ./Drivers/STM32F4xx_HAL_Driver/Src/stm32f4xx_hal_ltdc_ex.o
LOAD ./Drivers/STM32F4xx_HAL_Driver/Src/stm32f4xx_hal_pwr.o
LOAD ./Drivers/STM32F4xx_HAL_Driver/Src/stm32f4xx_hal_pwr_ex.o
LOAD ./Drivers/STM32F4xx_HAL_Driver/Src/stm32f4xx_hal_rcc.o
LOAD ./Drivers/STM32F4xx_HAL_Driver/Src/stm32f4xx_hal_rcc_ex.o
LOAD ./Drivers/STM32F4xx_HAL_Driver/Src/stm32f4xx_hal_rng.o
LOAD ./Drivers/STM32F4xx_HAL_Driver/Src/stm32f4xx_hal_spi.o
LOAD ./Drivers/STM32F4xx_HAL_Driver/Src/stm32f4xx_hal_tim.o
LOAD ./Drivers/STM32F4xx_HAL_Driver/Src/stm32f4xx_hal_tim_ex.o
START GROUP
LOAD /Applications/STM32CubeIDE.app/Contents/Eclipse/plugins/com.st.stm32cube.ide.mcu.externaltools.gnu-tools-for-stm32.12.3.rel1.macos64_1.1.0.202410301201/tools/bin/../lib/gcc/arm-none-eabi/12.3.1/../../../../arm-none-eabi/lib/thumb/v7e-m+fp/hard/libc_nano.a
LOAD /Applications/STM32CubeIDE.app/Contents/Eclipse/plugins/com.st.stm32cube.ide.mcu.externaltools.gnu-tools-for-stm32.12.3.rel1.macos64_1.1.0.202410301201/tools/bin/../lib/gcc/arm-none-eabi/12.3.1/../../../../arm-none-eabi/lib/thumb/v7e-m+fp/hard/libm.a
END GROUP
START GROUP
LOAD /Applications/STM32CubeIDE.app/Contents/Eclipse/plugins/com.st.stm32cube.ide.mcu.externaltools.gnu-tools-for-stm32.12.3.rel1.macos64_1.1.0.202410301201/tools/bin/../lib/gcc/arm-none-eabi/12.3.1/thumb/v7e-m+fp/hard/libgcc.a
LOAD /Applications/STM32CubeIDE.app/Contents/Eclipse/plugins/com.st.stm32cube.ide.mcu.externaltools.gnu-tools-for-stm32.12.3.rel1.macos64_1.1.0.202410301201/tools/bin/../lib/gcc/arm-none-eabi/12.3.1/../../../../arm-none-eabi/lib/thumb/v7e-m+fp/hard/libc_nano.a
END GROUP
START GROUP
LOAD /Applications/STM32CubeIDE.app/Contents/Eclipse/plugins/com.st.stm32cube.ide.mcu.externaltools.gnu-tools-for-stm32.12.3.rel1.macos64_1.1.0.202410301201/tools/bin/../lib/gcc/arm-none-eabi/12.3.1/thumb/v7e-m+fp/hard/libgcc.a
LOAD /Applications/STM32CubeIDE.app/Contents/Eclipse/plugins/com.st.stm32cube.ide.mcu.externaltools.gnu-tools-for-stm32.12.3.rel1.macos64_1.1.0.202410301201/tools/bin/../lib/gcc/arm-none-eabi/12.3.1/../../../../arm-none-eabi/lib/thumb/v7e-m+fp/hard/libc_nano.a
LOAD /Applications/STM32CubeIDE.app/Contents/Eclipse/plugins/com.st.stm32cube.ide.mcu.externaltools.gnu-tools-for-stm32.12.3.rel1.macos64_1.1.0.202410301201/tools/bin/../lib/gcc/arm-none-eabi/12.3.1/../../../../arm-none-eabi/lib/thumb/v7e-m+fp/hard/libnosys.a
END GROUP
START GROUP
LOAD /Applications/STM32CubeIDE.app/Contents/Eclipse/plugins/com.st.stm32cube.ide.mcu.externaltools.gnu-tools-for-stm32.12.3.rel1.macos64_1.1.0.202410301201/tools/bin/../lib/gcc/arm-none-eabi/12.3.1/thumb/v7e-m+fp/hard/libgcc.a
LOAD /Applications/STM32CubeIDE.app/Contents/Eclipse/plugins/com.st.stm32cube.ide.mcu.externaltools.gnu-tools-for-stm32.12.3.rel1.macos64_1.1.0.202410301201/tools/bin/../lib/gcc/arm-none-eabi/12.3.1/../../../../arm-none-eabi/lib/thumb/v7e-m+fp/hard/libc_nano.a
LOAD /Applications/STM32CubeIDE.app/Contents/Eclipse/plugins/com.st.stm32cube.ide.mcu.externaltools.gnu-tools-for-stm32.12.3.rel1.macos64_1.1.0.202410301201/tools/bin/../lib/gcc/arm-none-eabi/12.3.1/../../../../arm-none-eabi/lib/thumb/v7e-m+fp/hard/libnosys.a
END GROUP
LOAD /Applications/STM32CubeIDE.app/Contents/Eclipse/plugins/com.st.stm32cube.ide.mcu.externaltools.gnu-tools-for-stm32.12.3.rel1.macos64_1.1.0.202410301201/tools/bin/../lib/gcc/arm-none-eabi/12.3.1/thumb/v7e-m+fp/hard/crtend.o
LOAD /Applications/STM32CubeIDE.app/Contents/Eclipse/plugins/com.st.stm32cube.ide.mcu.externaltools.gnu-tools-for-stm32.12.3.rel1.macos64_1.1.0.202410301201/tools/bin/../lib/gcc/arm-none-eabi/12.3.1/thumb/v7e-m+fp/hard/crtn.o
                0x20030000                        _estack = (ORIGIN (RAM) + LENGTH (RAM))
                0x00000200                        _Min_Heap_Size = 0x200
                0x00000400                        _Min_Stack_Size = 0x400

.isr_vector     0x08000000      0x1ac
                0x08000000                        . = ALIGN (0x4)
 *(.isr_vector)
 .isr_vector    0x08000000      0x1ac ./Core/Startup/startup_stm32f429zitx.o
                0x08000000                g_pfnVectors
                0x080001ac                        . = ALIGN (0x4)

.text           0x080001ac     0x5ecc
                0x080001ac                        . = ALIGN (0x4)
 *(.text)
 .text          0x080001ac       0x40 /Applications/STM32CubeIDE.app/Contents/Eclipse/plugins/com.st.stm32cube.ide.mcu.externaltools.gnu-tools-for-stm32.12.3.rel1.macos64_1.1.0.202410301201/tools/bin/../lib/gcc/arm-none-eabi/12.3.1/thumb/v7e-m+fp/hard/crtbegin.o
 .text          0x080001ec       0x30 /Applications/STM32CubeIDE.app/Contents/Eclipse/plugins/com.st.stm32cube.ide.mcu.externaltools.gnu-tools-for-stm32.12.3.rel1.macos64_1.1.0.202410301201/tools/bin/../lib/gcc/arm-none-eabi/12.3.1/thumb/v7e-m+fp/hard/libgcc.a(_aeabi_uldivmod.o)
                0x080001ec                __aeabi_uldivmod
 .text          0x0800021c      0x2bc /Applications/STM32CubeIDE.app/Contents/Eclipse/plugins/com.st.stm32cube.ide.mcu.externaltools.gnu-tools-for-stm32.12.3.rel1.macos64_1.1.0.202410301201/tools/bin/../lib/gcc/arm-none-eabi/12.3.1/thumb/v7e-m+fp/hard/libgcc.a(_udivmoddi4.o)
                0x0800021c                __udivmoddi4
 .text          0x080004d8        0x4 /Applications/STM32CubeIDE.app/Contents/Eclipse/plugins/com.st.stm32cube.ide.mcu.externaltools.gnu-tools-for-stm32.12.3.rel1.macos64_1.1.0.202410301201/tools/bin/../lib/gcc/arm-none-eabi/12.3.1/thumb/v7e-m+fp/hard/libgcc.a(_dvmd_tls.o)
                0x080004d8                __aeabi_ldiv0
                0x080004d8                __aeabi_idiv0
 *(.text*)
 .text.ApplicationInit
                0x080004dc       0x30 ./Core/Src/ApplicationCode.o
                0x080004dc                ApplicationInit
 .text.handle_start_screen
                0x0800050c      0x154 ./Core/Src/ApplicationCode.o
                0x0800050c                handle_start_screen
 .text.handle_game_screen
                0x08000660       0xfc ./Core/Src/ApplicationCode.o
                0x08000660                handle_game_screen
 .text.game_init
                0x0800075c       0x5c ./Core/Src/Game.o
                0x0800075c                game_init
 .text.draw_board
                0x080007b8      0x10e ./Core/Src/Game.o
                0x080007b8                draw_board
 .text.draw_chip
                0x080008c6       0x26 ./Core/Src/Game.o
                0x080008c6                draw_chip
 .text.LCD_GPIO_Init
                0x080008ec      0x190 ./Core/Src/LCD_Driver.o
                0x080008ec                LCD_GPIO_Init
 .text.LTCD_Layer_Init
                0x08000a7c       0x80 ./Core/Src/LCD_Driver.o
                0x08000a7c                LTCD_Layer_Init
 .text.LTCD__Init
                0x08000afc       0xbc ./Core/Src/LCD_Driver.o
                0x08000afc                LTCD__Init
 .text.LCD_Draw_Pixel
                0x08000bb8       0x3c ./Core/Src/LCD_Driver.o
                0x08000bb8                LCD_Draw_Pixel
 .text.LCD_Draw_Circle_Fill
                0x08000bf4       0xa6 ./Core/Src/LCD_Driver.o
                0x08000bf4                LCD_Draw_Circle_Fill
 .text.LCD_Draw_Vertical_Line
                0x08000c9a       0x4e ./Core/Src/LCD_Driver.o
                0x08000c9a                LCD_Draw_Vertical_Line
 .text.LCD_Draw_Horizontal_Line
                0x08000ce8       0x4e ./Core/Src/LCD_Driver.o
                0x08000ce8                LCD_Draw_Horizontal_Line
 *fill*         0x08000d36        0x2 
 .text.LCD_Clear
                0x08000d38       0x44 ./Core/Src/LCD_Driver.o
                0x08000d38                LCD_Clear
 .text.LCD_SetTextColor
                0x08000d7c       0x20 ./Core/Src/LCD_Driver.o
                0x08000d7c                LCD_SetTextColor
 .text.LCD_SetFont
                0x08000d9c       0x20 ./Core/Src/LCD_Driver.o
                0x08000d9c                LCD_SetFont
 .text.LCD_Draw_Char
                0x08000dbc       0xdc ./Core/Src/LCD_Driver.o
                0x08000dbc                LCD_Draw_Char
 .text.LCD_DisplayChar
                0x08000e98       0x44 ./Core/Src/LCD_Driver.o
                0x08000e98                LCD_DisplayChar
 .text.LCD_Error_Handler
                0x08000edc        0xc ./Core/Src/LCD_Driver.o
                0x08000edc                LCD_Error_Handler
 .text.InitializeLCDTouch
                0x08000ee8       0x16 ./Core/Src/LCD_Driver.o
                0x08000ee8                InitializeLCDTouch
 .text.returnTouchStateAndLocation
                0x08000efe       0x18 ./Core/Src/LCD_Driver.o
                0x08000efe                returnTouchStateAndLocation
 .text.ili9341_Init
                0x08000f16      0x294 ./Core/Src/ili9341.o
                0x08000f16                ili9341_Init
 .text.ili9341_Write_Reg
                0x080011aa       0x1a ./Core/Src/ili9341.o
                0x080011aa                ili9341_Write_Reg
 .text.ili9341_Send_Data
                0x080011c4       0x1a ./Core/Src/ili9341.o
                0x080011c4                ili9341_Send_Data
 *fill*         0x080011de        0x2 
 .text.SPI_Init
                0x080011e0       0x74 ./Core/Src/ili9341.o
 .text.SPI_Write
                0x08001254       0x3c ./Core/Src/ili9341.o
 .text.SPI_Error
                0x08001290       0x18 ./Core/Src/ili9341.o
 .text.SPI_MspInit
                0x080012a8       0x74 ./Core/Src/ili9341.o
 .text.LCD_IO_Init
                0x0800131c       0xf0 ./Core/Src/ili9341.o
                0x0800131c                LCD_IO_Init
 .text.LCD_IO_WriteData
                0x0800140c       0x44 ./Core/Src/ili9341.o
                0x0800140c                LCD_IO_WriteData
 .text.LCD_IO_WriteReg
                0x08001450       0x44 ./Core/Src/ili9341.o
                0x08001450                LCD_IO_WriteReg
 .text.LCD_Delay
                0x08001494       0x16 ./Core/Src/ili9341.o
                0x08001494                LCD_Delay
 .text.main     0x080014aa       0x62 ./Core/Src/main.o
                0x080014aa                main
 .text.SystemClock_Config
                0x0800150c       0xd4 ./Core/Src/main.o
                0x0800150c                SystemClock_Config
 .text.MX_I2C3_Init
                0x080015e0       0x80 ./Core/Src/main.o
 .text.MX_LTDC_Init
                0x08001660      0x164 ./Core/Src/main.o
 .text.MX_RNG_Init
                0x080017c4       0x28 ./Core/Src/main.o
 .text.MX_SPI5_Init
                0x080017ec       0x6c ./Core/Src/main.o
 .text.MX_TIM2_Init
                0x08001858       0x98 ./Core/Src/main.o
 .text.MX_GPIO_Init
                0x080018f0      0x35c ./Core/Src/main.o
 .text.Error_Handler
                0x08001c4c        0xc ./Core/Src/main.o
                0x08001c4c                Error_Handler
 .text.HAL_MspInit
                0x08001c58       0x50 ./Core/Src/stm32f4xx_hal_msp.o
                0x08001c58                HAL_MspInit
 .text.HAL_I2C_MspInit
                0x08001ca8       0xd4 ./Core/Src/stm32f4xx_hal_msp.o
                0x08001ca8                HAL_I2C_MspInit
 .text.HAL_LTDC_MspInit
                0x08001d7c      0x250 ./Core/Src/stm32f4xx_hal_msp.o
                0x08001d7c                HAL_LTDC_MspInit
 .text.HAL_RNG_MspInit
                0x08001fcc       0x44 ./Core/Src/stm32f4xx_hal_msp.o
                0x08001fcc                HAL_RNG_MspInit
 .text.HAL_SPI_MspInit
                0x08002010       0x90 ./Core/Src/stm32f4xx_hal_msp.o
                0x08002010                HAL_SPI_MspInit
 .text.HAL_SPI_MspDeInit
                0x080020a0       0x3c ./Core/Src/stm32f4xx_hal_msp.o
                0x080020a0                HAL_SPI_MspDeInit
 .text.HAL_TIM_Base_MspInit
                0x080020dc       0x40 ./Core/Src/stm32f4xx_hal_msp.o
                0x080020dc                HAL_TIM_Base_MspInit
 .text.NMI_Handler
                0x0800211c        0x8 ./Core/Src/stm32f4xx_it.o
                0x0800211c                NMI_Handler
 .text.HardFault_Handler
                0x08002124        0x8 ./Core/Src/stm32f4xx_it.o
                0x08002124                HardFault_Handler
 .text.MemManage_Handler
                0x0800212c        0x8 ./Core/Src/stm32f4xx_it.o
                0x0800212c                MemManage_Handler
 .text.BusFault_Handler
                0x08002134        0x8 ./Core/Src/stm32f4xx_it.o
                0x08002134                BusFault_Handler
 .text.UsageFault_Handler
                0x0800213c        0x8 ./Core/Src/stm32f4xx_it.o
                0x0800213c                UsageFault_Handler
 .text.SVC_Handler
                0x08002144        0xe ./Core/Src/stm32f4xx_it.o
                0x08002144                SVC_Handler
 .text.DebugMon_Handler
                0x08002152        0xe ./Core/Src/stm32f4xx_it.o
                0x08002152                DebugMon_Handler
 .text.PendSV_Handler
                0x08002160        0xe ./Core/Src/stm32f4xx_it.o
                0x08002160                PendSV_Handler
 .text.SysTick_Handler
                0x0800216e        0xc ./Core/Src/stm32f4xx_it.o
                0x0800216e                SysTick_Handler
 .text.STMPE811_Init
                0x0800217a      0x14e ./Core/Src/stmpe811.o
                0x0800217a                STMPE811_Init
 .text.STMPE811_Read
                0x080022c8       0x22 ./Core/Src/stmpe811.o
                0x080022c8                STMPE811_Read
 .text.STMPE811_ReadTouch
                0x080022ea      0x198 ./Core/Src/stmpe811.o
                0x080022ea                STMPE811_ReadTouch
 *fill*         0x08002482        0x2 
 .text.verifyHAL_I2C_IS_OKAY
                0x08002484       0x20 ./Core/Src/stmpe811.o
                0x08002484                verifyHAL_I2C_IS_OKAY
 .text.I2C3_Init
                0x080024a4       0x7c ./Core/Src/stmpe811.o
 .text.I2C3_MspInit
                0x08002520       0xa8 ./Core/Src/stmpe811.o
 .text.I2C3_Write
                0x080025c8       0x54 ./Core/Src/stmpe811.o
                0x080025c8                I2C3_Write
 .text.I2C3_Read
                0x0800261c       0x4c ./Core/Src/stmpe811.o
                0x0800261c                I2C3_Read
 .text.I2C3_MulitByteRead
                0x08002668       0x44 ./Core/Src/stmpe811.o
                0x08002668                I2C3_MulitByteRead
 .text.TM_STMPE811_ReadX
                0x080026ac       0xbc ./Core/Src/stmpe811.o
                0x080026ac                TM_STMPE811_ReadX
 .text.TM_STMPE811_ReadY
                0x08002768       0xa4 ./Core/Src/stmpe811.o
                0x08002768                TM_STMPE811_ReadY
 .text.initialise_monitor_handles
                0x0800280c        0xe ./Core/Src/syscalls.o
                0x0800280c                initialise_monitor_handles
 *fill*         0x0800281a        0x2 
 .text.SystemInit
                0x0800281c       0x24 ./Core/Src/system_stm32f4xx.o
                0x0800281c                SystemInit
 .text.Reset_Handler
                0x08002840       0x50 ./Core/Startup/startup_stm32f429zitx.o
                0x08002840                Reset_Handler
 .text.Default_Handler
                0x08002890        0x2 ./Core/Startup/startup_stm32f429zitx.o
                0x08002890                DMA1_Stream3_IRQHandler
                0x08002890                HASH_RNG_IRQHandler
                0x08002890                EXTI2_IRQHandler
                0x08002890                TIM8_CC_IRQHandler
                0x08002890                UART8_IRQHandler
                0x08002890                SPI4_IRQHandler
                0x08002890                TIM1_CC_IRQHandler
                0x08002890                DMA2_Stream5_IRQHandler
                0x08002890                DMA1_Stream5_IRQHandler
                0x08002890                PVD_IRQHandler
                0x08002890                SDIO_IRQHandler
                0x08002890                TAMP_STAMP_IRQHandler
                0x08002890                CAN2_RX1_IRQHandler
                0x08002890                EXTI3_IRQHandler
                0x08002890                TIM8_TRG_COM_TIM14_IRQHandler
                0x08002890                TIM1_UP_TIM10_IRQHandler
                0x08002890                TIM8_UP_TIM13_IRQHandler
                0x08002890                I2C3_ER_IRQHandler
                0x08002890                EXTI0_IRQHandler
                0x08002890                I2C2_EV_IRQHandler
                0x08002890                DMA1_Stream2_IRQHandler
                0x08002890                CAN1_RX0_IRQHandler
                0x08002890                FPU_IRQHandler
                0x08002890                OTG_HS_WKUP_IRQHandler
                0x08002890                LTDC_ER_IRQHandler
                0x08002890                CAN2_SCE_IRQHandler
                0x08002890                DMA2_Stream2_IRQHandler
                0x08002890                SPI1_IRQHandler
                0x08002890                TIM6_DAC_IRQHandler
                0x08002890                TIM1_BRK_TIM9_IRQHandler
                0x08002890                DCMI_IRQHandler
                0x08002890                CAN2_RX0_IRQHandler
                0x08002890                DMA2_Stream3_IRQHandler
                0x08002890                USART6_IRQHandler
                0x08002890                USART3_IRQHandler
                0x08002890                CAN1_RX1_IRQHandler
                0x08002890                UART5_IRQHandler
                0x08002890                DMA2_Stream0_IRQHandler
                0x08002890                TIM4_IRQHandler
                0x08002890                I2C1_EV_IRQHandler
                0x08002890                DMA1_Stream6_IRQHandler
                0x08002890                DMA1_Stream1_IRQHandler
                0x08002890                UART4_IRQHandler
                0x08002890                TIM3_IRQHandler
                0x08002890                RCC_IRQHandler
                0x08002890                TIM8_BRK_TIM12_IRQHandler
                0x08002890                Default_Handler
                0x08002890                EXTI15_10_IRQHandler
                0x08002890                ADC_IRQHandler
                0x08002890                DMA1_Stream7_IRQHandler
                0x08002890                SPI5_IRQHandler
                0x08002890                TIM7_IRQHandler
                0x08002890                CAN2_TX_IRQHandler
                0x08002890                TIM5_IRQHandler
                0x08002890                DMA2_Stream7_IRQHandler
                0x08002890                I2C3_EV_IRQHandler
                0x08002890                EXTI9_5_IRQHandler
                0x08002890                RTC_WKUP_IRQHandler
                0x08002890                LTDC_IRQHandler
                0x08002890                ETH_WKUP_IRQHandler
                0x08002890                SPI2_IRQHandler
                0x08002890                OTG_HS_EP1_IN_IRQHandler
                0x08002890                DMA1_Stream0_IRQHandler
                0x08002890                CAN1_TX_IRQHandler
                0x08002890                EXTI4_IRQHandler
                0x08002890                ETH_IRQHandler
                0x08002890                OTG_HS_EP1_OUT_IRQHandler
                0x08002890                WWDG_IRQHandler
                0x08002890                SPI6_IRQHandler
                0x08002890                TIM2_IRQHandler
                0x08002890                OTG_FS_WKUP_IRQHandler
                0x08002890                TIM1_TRG_COM_TIM11_IRQHandler
                0x08002890                OTG_HS_IRQHandler
                0x08002890                DMA2D_IRQHandler
                0x08002890                EXTI1_IRQHandler
                0x08002890                UART7_IRQHandler
                0x08002890                USART2_IRQHandler
                0x08002890                I2C2_ER_IRQHandler
                0x08002890                DMA2_Stream1_IRQHandler
                0x08002890                CAN1_SCE_IRQHandler
                0x08002890                FLASH_IRQHandler
                0x08002890                DMA2_Stream4_IRQHandler
                0x08002890                USART1_IRQHandler
                0x08002890                OTG_FS_IRQHandler
                0x08002890                SPI3_IRQHandler
                0x08002890                DMA1_Stream4_IRQHandler
                0x08002890                I2C1_ER_IRQHandler
                0x08002890                FMC_IRQHandler
                0x08002890                DMA2_Stream6_IRQHandler
                0x08002890                SAI1_IRQHandler
                0x08002890                RTC_Alarm_IRQHandler
 *fill*         0x08002892        0x2 
 .text.HAL_Init
                0x08002894       0x44 ./Drivers/STM32F4xx_HAL_Driver/Src/stm32f4xx_hal.o
                0x08002894                HAL_Init
 .text.HAL_InitTick
                0x080028d8       0x60 ./Drivers/STM32F4xx_HAL_Driver/Src/stm32f4xx_hal.o
                0x080028d8                HAL_InitTick
 .text.HAL_IncTick
                0x08002938       0x28 ./Drivers/STM32F4xx_HAL_Driver/Src/stm32f4xx_hal.o
                0x08002938                HAL_IncTick
 .text.HAL_GetTick
                0x08002960       0x18 ./Drivers/STM32F4xx_HAL_Driver/Src/stm32f4xx_hal.o
                0x08002960                HAL_GetTick
 .text.HAL_Delay
                0x08002978       0x48 ./Drivers/STM32F4xx_HAL_Driver/Src/stm32f4xx_hal.o
                0x08002978                HAL_Delay
 .text.__NVIC_SetPriorityGrouping
                0x080029c0       0x48 ./Drivers/STM32F4xx_HAL_Driver/Src/stm32f4xx_hal_cortex.o
 .text.__NVIC_GetPriorityGrouping
                0x08002a08       0x1c ./Drivers/STM32F4xx_HAL_Driver/Src/stm32f4xx_hal_cortex.o
 .text.__NVIC_SetPriority
                0x08002a24       0x54 ./Drivers/STM32F4xx_HAL_Driver/Src/stm32f4xx_hal_cortex.o
 .text.NVIC_EncodePriority
                0x08002a78       0x66 ./Drivers/STM32F4xx_HAL_Driver/Src/stm32f4xx_hal_cortex.o
 *fill*         0x08002ade        0x2 
 .text.SysTick_Config
                0x08002ae0       0x44 ./Drivers/STM32F4xx_HAL_Driver/Src/stm32f4xx_hal_cortex.o
 .text.HAL_NVIC_SetPriorityGrouping
                0x08002b24       0x16 ./Drivers/STM32F4xx_HAL_Driver/Src/stm32f4xx_hal_cortex.o
                0x08002b24                HAL_NVIC_SetPriorityGrouping
 .text.HAL_NVIC_SetPriority
                0x08002b3a       0x38 ./Drivers/STM32F4xx_HAL_Driver/Src/stm32f4xx_hal_cortex.o
                0x08002b3a                HAL_NVIC_SetPriority
 .text.HAL_SYSTICK_Config
                0x08002b72       0x18 ./Drivers/STM32F4xx_HAL_Driver/Src/stm32f4xx_hal_cortex.o
                0x08002b72                HAL_SYSTICK_Config
 *fill*         0x08002b8a        0x2 
 .text.HAL_GPIO_Init
                0x08002b8c      0x358 ./Drivers/STM32F4xx_HAL_Driver/Src/stm32f4xx_hal_gpio.o
                0x08002b8c                HAL_GPIO_Init
 .text.HAL_GPIO_DeInit
                0x08002ee4      0x218 ./Drivers/STM32F4xx_HAL_Driver/Src/stm32f4xx_hal_gpio.o
                0x08002ee4                HAL_GPIO_DeInit
 .text.HAL_GPIO_WritePin
                0x080030fc       0x32 ./Drivers/STM32F4xx_HAL_Driver/Src/stm32f4xx_hal_gpio.o
                0x080030fc                HAL_GPIO_WritePin
 *fill*         0x0800312e        0x2 
 .text.HAL_I2C_Init
                0x08003130      0x288 ./Drivers/STM32F4xx_HAL_Driver/Src/stm32f4xx_hal_i2c.o
                0x08003130                HAL_I2C_Init
 .text.HAL_I2C_Mem_Write
                0x080033b8      0x1f4 ./Drivers/STM32F4xx_HAL_Driver/Src/stm32f4xx_hal_i2c.o
                0x080033b8                HAL_I2C_Mem_Write
 .text.HAL_I2C_Mem_Read
                0x080035ac      0x464 ./Drivers/STM32F4xx_HAL_Driver/Src/stm32f4xx_hal_i2c.o
                0x080035ac                HAL_I2C_Mem_Read
 .text.I2C_RequestMemoryWrite
                0x08003a10      0x12c ./Drivers/STM32F4xx_HAL_Driver/Src/stm32f4xx_hal_i2c.o
 .text.I2C_RequestMemoryRead
                0x08003b3c      0x1d0 ./Drivers/STM32F4xx_HAL_Driver/Src/stm32f4xx_hal_i2c.o
 .text.I2C_WaitOnFlagUntilTimeout
                0x08003d0c       0xf4 ./Drivers/STM32F4xx_HAL_Driver/Src/stm32f4xx_hal_i2c.o
 .text.I2C_WaitOnMasterAddressFlagUntilTimeout
                0x08003e00      0x140 ./Drivers/STM32F4xx_HAL_Driver/Src/stm32f4xx_hal_i2c.o
 .text.I2C_WaitOnTXEFlagUntilTimeout
                0x08003f40       0x90 ./Drivers/STM32F4xx_HAL_Driver/Src/stm32f4xx_hal_i2c.o
 .text.I2C_WaitOnBTFFlagUntilTimeout
                0x08003fd0       0x90 ./Drivers/STM32F4xx_HAL_Driver/Src/stm32f4xx_hal_i2c.o
 .text.I2C_WaitOnRXNEFlagUntilTimeout
                0x08004060       0xba ./Drivers/STM32F4xx_HAL_Driver/Src/stm32f4xx_hal_i2c.o
 .text.I2C_IsAcknowledgeFailed
                0x0800411a       0x5e ./Drivers/STM32F4xx_HAL_Driver/Src/stm32f4xx_hal_i2c.o
 .text.HAL_I2CEx_ConfigAnalogFilter
                0x08004178       0x78 ./Drivers/STM32F4xx_HAL_Driver/Src/stm32f4xx_hal_i2c_ex.o
                0x08004178                HAL_I2CEx_ConfigAnalogFilter
 .text.HAL_I2CEx_ConfigDigitalFilter
                0x080041f0       0x7e ./Drivers/STM32F4xx_HAL_Driver/Src/stm32f4xx_hal_i2c_ex.o
                0x080041f0                HAL_I2CEx_ConfigDigitalFilter
 *fill*         0x0800426e        0x2 
 .text.HAL_LTDC_Init
                0x08004270      0x1a0 ./Drivers/STM32F4xx_HAL_Driver/Src/stm32f4xx_hal_ltdc.o
                0x08004270                HAL_LTDC_Init
 .text.HAL_LTDC_ConfigLayer
                0x08004410       0x7c ./Drivers/STM32F4xx_HAL_Driver/Src/stm32f4xx_hal_ltdc.o
                0x08004410                HAL_LTDC_ConfigLayer
 .text.LTDC_SetConfig
                0x0800448c      0x32e ./Drivers/STM32F4xx_HAL_Driver/Src/stm32f4xx_hal_ltdc.o
 *fill*         0x080047ba        0x2 
 .text.HAL_RCC_OscConfig
                0x080047bc      0x4f0 ./Drivers/STM32F4xx_HAL_Driver/Src/stm32f4xx_hal_rcc.o
                0x080047bc                HAL_RCC_OscConfig
 .text.HAL_RCC_ClockConfig
                0x08004cac      0x1cc ./Drivers/STM32F4xx_HAL_Driver/Src/stm32f4xx_hal_rcc.o
                0x08004cac                HAL_RCC_ClockConfig
 .text.HAL_RCC_GetSysClockFreq
                0x08004e78      0x20c ./Drivers/STM32F4xx_HAL_Driver/Src/stm32f4xx_hal_rcc.o
                0x08004e78                HAL_RCC_GetSysClockFreq
 .text.HAL_RCC_GetHCLKFreq
                0x08005084       0x18 ./Drivers/STM32F4xx_HAL_Driver/Src/stm32f4xx_hal_rcc.o
                0x08005084                HAL_RCC_GetHCLKFreq
 .text.HAL_RCC_GetPCLK1Freq
                0x0800509c       0x28 ./Drivers/STM32F4xx_HAL_Driver/Src/stm32f4xx_hal_rcc.o
                0x0800509c                HAL_RCC_GetPCLK1Freq
 .text.HAL_RCCEx_PeriphCLKConfig
                0x080050c4      0x380 ./Drivers/STM32F4xx_HAL_Driver/Src/stm32f4xx_hal_rcc_ex.o
                0x080050c4                HAL_RCCEx_PeriphCLKConfig
 .text.HAL_RNG_Init
                0x08005444       0x54 ./Drivers/STM32F4xx_HAL_Driver/Src/stm32f4xx_hal_rng.o
                0x08005444                HAL_RNG_Init
 .text.HAL_SPI_Init
                0x08005498      0x112 ./Drivers/STM32F4xx_HAL_Driver/Src/stm32f4xx_hal_spi.o
                0x08005498                HAL_SPI_Init
 .text.HAL_SPI_DeInit
                0x080055aa       0x50 ./Drivers/STM32F4xx_HAL_Driver/Src/stm32f4xx_hal_spi.o
                0x080055aa                HAL_SPI_DeInit
 .text.HAL_SPI_Transmit
                0x080055fa      0x288 ./Drivers/STM32F4xx_HAL_Driver/Src/stm32f4xx_hal_spi.o
                0x080055fa                HAL_SPI_Transmit
 .text.HAL_SPI_GetState
                0x08005882       0x1c ./Drivers/STM32F4xx_HAL_Driver/Src/stm32f4xx_hal_spi.o
                0x08005882                HAL_SPI_GetState
 *fill*         0x0800589e        0x2 
 .text.SPI_WaitFlagStateUntilTimeout
                0x080058a0      0x110 ./Drivers/STM32F4xx_HAL_Driver/Src/stm32f4xx_hal_spi.o
 .text.SPI_EndRxTxTransaction
                0x080059b0       0xa8 ./Drivers/STM32F4xx_HAL_Driver/Src/stm32f4xx_hal_spi.o
 .text.HAL_TIM_Base_Init
                0x08005a58       0x9e ./Drivers/STM32F4xx_HAL_Driver/Src/stm32f4xx_hal_tim.o
                0x08005a58                HAL_TIM_Base_Init
 .text.HAL_TIM_ConfigClockSource
                0x08005af6      0x18e ./Drivers/STM32F4xx_HAL_Driver/Src/stm32f4xx_hal_tim.o
                0x08005af6                HAL_TIM_ConfigClockSource
 .text.TIM_Base_SetConfig
                0x08005c84      0x158 ./Drivers/STM32F4xx_HAL_Driver/Src/stm32f4xx_hal_tim.o
                0x08005c84                TIM_Base_SetConfig
 .text.TIM_TI1_ConfigInputStage
                0x08005ddc       0x5e ./Drivers/STM32F4xx_HAL_Driver/Src/stm32f4xx_hal_tim.o
 .text.TIM_TI2_ConfigInputStage
                0x08005e3a       0x60 ./Drivers/STM32F4xx_HAL_Driver/Src/stm32f4xx_hal_tim.o
 .text.TIM_ITRx_SetConfig
                0x08005e9a       0x36 ./Drivers/STM32F4xx_HAL_Driver/Src/stm32f4xx_hal_tim.o
 .text.TIM_ETR_SetConfig
                0x08005ed0       0x40 ./Drivers/STM32F4xx_HAL_Driver/Src/stm32f4xx_hal_tim.o
                0x08005ed0                TIM_ETR_SetConfig
 .text.HAL_TIMEx_MasterConfigSynchronization
                0x08005f10       0xf8 ./Drivers/STM32F4xx_HAL_Driver/Src/stm32f4xx_hal_tim_ex.o
                0x08005f10                HAL_TIMEx_MasterConfigSynchronization
 .text.memset   0x08006008       0x10 /Applications/STM32CubeIDE.app/Contents/Eclipse/plugins/com.st.stm32cube.ide.mcu.externaltools.gnu-tools-for-stm32.12.3.rel1.macos64_1.1.0.202410301201/tools/bin/../lib/gcc/arm-none-eabi/12.3.1/../../../../arm-none-eabi/lib/thumb/v7e-m+fp/hard/libc_nano.a(libc_a-memset.o)
                0x08006008                memset
 .text.__libc_init_array
                0x08006018       0x48 /Applications/STM32CubeIDE.app/Contents/Eclipse/plugins/com.st.stm32cube.ide.mcu.externaltools.gnu-tools-for-stm32.12.3.rel1.macos64_1.1.0.202410301201/tools/bin/../lib/gcc/arm-none-eabi/12.3.1/../../../../arm-none-eabi/lib/thumb/v7e-m+fp/hard/libc_nano.a(libc_a-init.o)
                0x08006018                __libc_init_array
 *(.glue_7)
 .glue_7        0x08006060        0x0 linker stubs
 *(.glue_7t)
 .glue_7t       0x08006060        0x0 linker stubs
 *(.eh_frame)
 .eh_frame      0x08006060        0x0 /Applications/STM32CubeIDE.app/Contents/Eclipse/plugins/com.st.stm32cube.ide.mcu.externaltools.gnu-tools-for-stm32.12.3.rel1.macos64_1.1.0.202410301201/tools/bin/../lib/gcc/arm-none-eabi/12.3.1/thumb/v7e-m+fp/hard/crtbegin.o
 *(.init)
 .init          0x08006060        0x4 /Applications/STM32CubeIDE.app/Contents/Eclipse/plugins/com.st.stm32cube.ide.mcu.externaltools.gnu-tools-for-stm32.12.3.rel1.macos64_1.1.0.202410301201/tools/bin/../lib/gcc/arm-none-eabi/12.3.1/thumb/v7e-m+fp/hard/crti.o
                0x08006060                _init
 .init          0x08006064        0x8 /Applications/STM32CubeIDE.app/Contents/Eclipse/plugins/com.st.stm32cube.ide.mcu.externaltools.gnu-tools-for-stm32.12.3.rel1.macos64_1.1.0.202410301201/tools/bin/../lib/gcc/arm-none-eabi/12.3.1/thumb/v7e-m+fp/hard/crtn.o
 *(.fini)
 .fini          0x0800606c        0x4 /Applications/STM32CubeIDE.app/Contents/Eclipse/plugins/com.st.stm32cube.ide.mcu.externaltools.gnu-tools-for-stm32.12.3.rel1.macos64_1.1.0.202410301201/tools/bin/../lib/gcc/arm-none-eabi/12.3.1/thumb/v7e-m+fp/hard/crti.o
                0x0800606c                _fini
 .fini          0x08006070        0x8 /Applications/STM32CubeIDE.app/Contents/Eclipse/plugins/com.st.stm32cube.ide.mcu.externaltools.gnu-tools-for-stm32.12.3.rel1.macos64_1.1.0.202410301201/tools/bin/../lib/gcc/arm-none-eabi/12.3.1/thumb/v7e-m+fp/hard/crtn.o
                0x08006078                        . = ALIGN (0x4)
                0x08006078                        _etext = .

.vfp11_veneer   0x08006078        0x0
 .vfp11_veneer  0x08006078        0x0 linker stubs

.v4_bx          0x08006078        0x0
 .v4_bx         0x08006078        0x0 linker stubs

.iplt           0x08006078        0x0
 .iplt          0x08006078        0x0 /Applications/STM32CubeIDE.app/Contents/Eclipse/plugins/com.st.stm32cube.ide.mcu.externaltools.gnu-tools-for-stm32.12.3.rel1.macos64_1.1.0.202410301201/tools/bin/../lib/gcc/arm-none-eabi/12.3.1/thumb/v7e-m+fp/hard/crtbegin.o

.rodata         0x08006078     0x11e8
                0x08006078                        . = ALIGN (0x4)
 *(.rodata)
 *(.rodata*)
 .rodata.ASCII16x24_Table
                0x08006078     0x11d0 ./Core/Src/fonts.o
                0x08006078                ASCII16x24_Table
 .rodata.AHBPrescTable
                0x08007248       0x10 ./Core/Src/system_stm32f4xx.o
                0x08007248                AHBPrescTable
 .rodata.APBPrescTable
                0x08007258        0x8 ./Core/Src/system_stm32f4xx.o
                0x08007258                APBPrescTable
                0x08007260                        . = ALIGN (0x4)

.ARM.extab      0x08007260        0x0
                0x08007260                        . = ALIGN (0x4)
 *(.ARM.extab* .gnu.linkonce.armextab.*)
                0x08007260                        . = ALIGN (0x4)

.ARM            0x08007260        0x8
                0x08007260                        . = ALIGN (0x4)
                0x08007260                        __exidx_start = .
 *(.ARM.exidx*)
 .ARM.exidx     0x08007260        0x8 /Applications/STM32CubeIDE.app/Contents/Eclipse/plugins/com.st.stm32cube.ide.mcu.externaltools.gnu-tools-for-stm32.12.3.rel1.macos64_1.1.0.202410301201/tools/bin/../lib/gcc/arm-none-eabi/12.3.1/thumb/v7e-m+fp/hard/libgcc.a(_udivmoddi4.o)
                0x08007268                        __exidx_end = .
                0x08007268                        . = ALIGN (0x4)

.preinit_array  0x08007268        0x0
                0x08007268                        . = ALIGN (0x4)
                0x08007268                        PROVIDE (__preinit_array_start = .)
 *(.preinit_array*)
                0x08007268                        PROVIDE (__preinit_array_end = .)
                0x08007268                        . = ALIGN (0x4)

.init_array     0x08007268        0x4
                0x08007268                        . = ALIGN (0x4)
                0x08007268                        PROVIDE (__init_array_start = .)
 *(SORT_BY_NAME(.init_array.*))
 *(.init_array*)
 .init_array    0x08007268        0x4 /Applications/STM32CubeIDE.app/Contents/Eclipse/plugins/com.st.stm32cube.ide.mcu.externaltools.gnu-tools-for-stm32.12.3.rel1.macos64_1.1.0.202410301201/tools/bin/../lib/gcc/arm-none-eabi/12.3.1/thumb/v7e-m+fp/hard/crtbegin.o
                0x0800726c                        PROVIDE (__init_array_end = .)
                0x0800726c                        . = ALIGN (0x4)

.fini_array     0x0800726c        0x4
                0x0800726c                        . = ALIGN (0x4)
                [!provide]                        PROVIDE (__fini_array_start = .)
 *(SORT_BY_NAME(.fini_array.*))
 *(.fini_array*)
 .fini_array    0x0800726c        0x4 /Applications/STM32CubeIDE.app/Contents/Eclipse/plugins/com.st.stm32cube.ide.mcu.externaltools.gnu-tools-for-stm32.12.3.rel1.macos64_1.1.0.202410301201/tools/bin/../lib/gcc/arm-none-eabi/12.3.1/thumb/v7e-m+fp/hard/crtbegin.o
                [!provide]                        PROVIDE (__fini_array_end = .)
                0x08007270                        . = ALIGN (0x4)
                0x08007270                        _sidata = LOADADDR (.data)

.rel.dyn        0x08007270        0x0
 .rel.iplt      0x08007270        0x0 /Applications/STM32CubeIDE.app/Contents/Eclipse/plugins/com.st.stm32cube.ide.mcu.externaltools.gnu-tools-for-stm32.12.3.rel1.macos64_1.1.0.202410301201/tools/bin/../lib/gcc/arm-none-eabi/12.3.1/thumb/v7e-m+fp/hard/crtbegin.o

.data           0x20000000       0x1c load address 0x08007270
                0x20000000                        . = ALIGN (0x4)
                0x20000000                        _sdata = .
 *(.data)
 *(.data*)
 .data.CurrentTextColor
                0x20000000        0x2 ./Core/Src/LCD_Driver.o
 *fill*         0x20000002        0x2 
 .data.Font16x24
                0x20000004        0x8 ./Core/Src/fonts.o
                0x20000004                Font16x24
 .data.SpiTimeout
                0x2000000c        0x4 ./Core/Src/ili9341.o
                0x2000000c                SpiTimeout
 .data.SystemCoreClock
                0x20000010        0x4 ./Core/Src/system_stm32f4xx.o
                0x20000010                SystemCoreClock
 .data.uwTickPrio
                0x20000014        0x4 ./Drivers/STM32F4xx_HAL_Driver/Src/stm32f4xx_hal.o
                0x20000014                uwTickPrio
 .data.uwTickFreq
                0x20000018        0x1 ./Drivers/STM32F4xx_HAL_Driver/Src/stm32f4xx_hal.o
                0x20000018                uwTickFreq
 *(.RamFunc)
 *(.RamFunc*)
                0x2000001c                        . = ALIGN (0x4)
 *fill*         0x20000019        0x3 
                0x2000001c                        _edata = .
                0x0800728c                        _siccmram = LOADADDR (.ccmram)

.igot.plt       0x2000001c        0x0 load address 0x0800728c
 .igot.plt      0x2000001c        0x0 /Applications/STM32CubeIDE.app/Contents/Eclipse/plugins/com.st.stm32cube.ide.mcu.externaltools.gnu-tools-for-stm32.12.3.rel1.macos64_1.1.0.202410301201/tools/bin/../lib/gcc/arm-none-eabi/12.3.1/thumb/v7e-m+fp/hard/crtbegin.o

.ccmram         0x10000000        0x0 load address 0x0800728c
                0x10000000                        . = ALIGN (0x4)
                0x10000000                        _sccmram = .
 *(.ccmram)
 *(.ccmram*)
                0x10000000                        . = ALIGN (0x4)
                0x10000000                        _eccmram = .
                0x10000000                        . = ALIGN (0x4)

.bss            0x2000001c    0x25b98
                0x2000001c                        _sbss = .
                0x2000001c                        __bss_start__ = _sbss
 *(.bss)
 .bss           0x2000001c       0x1c /Applications/STM32CubeIDE.app/Contents/Eclipse/plugins/com.st.stm32cube.ide.mcu.externaltools.gnu-tools-for-stm32.12.3.rel1.macos64_1.1.0.202410301201/tools/bin/../lib/gcc/arm-none-eabi/12.3.1/thumb/v7e-m+fp/hard/crtbegin.o
 *(.bss*)
 .bss.StaticTouchData
                0x20000038        0x8 ./Core/Src/ApplicationCode.o
 .bss.state     0x20000040       0x2d ./Core/Src/ApplicationCode.o
 *fill*         0x2000006d        0x3 
 .bss.chip      0x20000070        0x2 ./Core/Src/ApplicationCode.o
 .bss.button_pressed
                0x20000072        0x1 ./Core/Src/ApplicationCode.o
 .bss.screen_pressed
                0x20000073        0x1 ./Core/Src/ApplicationCode.o
 .bss.hltdc     0x20000074       0xa8 ./Core/Src/LCD_Driver.o
 .bss.PeriphClkInitStruct
                0x2000011c       0x30 ./Core/Src/LCD_Driver.o
 .bss.LCD_Currentfonts
                0x2000014c        0x4 ./Core/Src/LCD_Driver.o
 .bss.frameBuffer
                0x20000150    0x25800 ./Core/Src/LCD_Driver.o
                0x20000150                frameBuffer
 .bss.SpiHandle
                0x20025950       0x58 ./Core/Src/ili9341.o
 .bss.Is_LCD_IO_Initialized
                0x200259a8        0x1 ./Core/Src/ili9341.o
 *fill*         0x200259a9        0x3 
 .bss.hi2c3     0x200259ac       0x54 ./Core/Src/main.o
                0x200259ac                hi2c3
 .bss.hltdc     0x20025a00       0xa8 ./Core/Src/main.o
                0x20025a00                hltdc
 .bss.hrng      0x20025aa8       0x10 ./Core/Src/main.o
                0x20025aa8                hrng
 .bss.hspi5     0x20025ab8       0x58 ./Core/Src/main.o
                0x20025ab8                hspi5
 .bss.htim2     0x20025b10       0x48 ./Core/Src/main.o
                0x20025b10                htim2
 .bss.hI2C3     0x20025b58       0x54 ./Core/Src/stmpe811.o
 .bss.HAL_status
                0x20025bac        0x1 ./Core/Src/stmpe811.o
 *fill*         0x20025bad        0x3 
 .bss.uwTick    0x20025bb0        0x4 ./Drivers/STM32F4xx_HAL_Driver/Src/stm32f4xx_hal.o
                0x20025bb0                uwTick
 *(COMMON)
                0x20025bb4                        . = ALIGN (0x4)
                0x20025bb4                        _ebss = .
                0x20025bb4                        __bss_end__ = _ebss

._user_heap_stack
                0x20025bb4      0x604
                0x20025bb8                        . = ALIGN (0x8)
 *fill*         0x20025bb4        0x4 
                [!provide]                        PROVIDE (end = .)
                0x20025bb8                        PROVIDE (_end = .)
                0x20025db8                        . = (. + _Min_Heap_Size)
 *fill*         0x20025bb8      0x200 
                0x200261b8                        . = (. + _Min_Stack_Size)
 *fill*         0x20025db8      0x400 
                0x200261b8                        . = ALIGN (0x8)

/DISCARD/
 libc.a(*)
 libm.a(*)
 libgcc.a(*)

.ARM.attributes
                0x00000000       0x30
 *(.ARM.attributes)
 .ARM.attributes
                0x00000000       0x22 /Applications/STM32CubeIDE.app/Contents/Eclipse/plugins/com.st.stm32cube.ide.mcu.externaltools.gnu-tools-for-stm32.12.3.rel1.macos64_1.1.0.202410301201/tools/bin/../lib/gcc/arm-none-eabi/12.3.1/thumb/v7e-m+fp/hard/crti.o
 .ARM.attributes
                0x00000022       0x34 /Applications/STM32CubeIDE.app/Contents/Eclipse/plugins/com.st.stm32cube.ide.mcu.externaltools.gnu-tools-for-stm32.12.3.rel1.macos64_1.1.0.202410301201/tools/bin/../lib/gcc/arm-none-eabi/12.3.1/thumb/v7e-m+fp/hard/crtbegin.o
 .ARM.attributes
                0x00000056       0x34 ./Core/Src/ApplicationCode.o
 .ARM.attributes
                0x0000008a       0x34 ./Core/Src/Game.o
 .ARM.attributes
                0x000000be       0x34 ./Core/Src/LCD_Driver.o
 .ARM.attributes
                0x000000f2       0x34 ./Core/Src/fonts.o
 .ARM.attributes
                0x00000126       0x34 ./Core/Src/ili9341.o
 .ARM.attributes
                0x0000015a       0x34 ./Core/Src/main.o
 .ARM.attributes
                0x0000018e       0x34 ./Core/Src/stm32f4xx_hal_msp.o
 .ARM.attributes
                0x000001c2       0x34 ./Core/Src/stm32f4xx_it.o
 .ARM.attributes
                0x000001f6       0x34 ./Core/Src/stmpe811.o
 .ARM.attributes
                0x0000022a       0x34 ./Core/Src/syscalls.o
 .ARM.attributes
                0x0000025e       0x34 ./Core/Src/system_stm32f4xx.o
 .ARM.attributes
                0x00000292       0x21 ./Core/Startup/startup_stm32f429zitx.o
 .ARM.attributes
                0x000002b3       0x34 ./Drivers/STM32F4xx_HAL_Driver/Src/stm32f4xx_hal.o
 .ARM.attributes
                0x000002e7       0x34 ./Drivers/STM32F4xx_HAL_Driver/Src/stm32f4xx_hal_cortex.o
 .ARM.attributes
                0x0000031b       0x34 ./Drivers/STM32F4xx_HAL_Driver/Src/stm32f4xx_hal_gpio.o
 .ARM.attributes
                0x0000034f       0x34 ./Drivers/STM32F4xx_HAL_Driver/Src/stm32f4xx_hal_i2c.o
 .ARM.attributes
                0x00000383       0x34 ./Drivers/STM32F4xx_HAL_Driver/Src/stm32f4xx_hal_i2c_ex.o
 .ARM.attributes
                0x000003b7       0x34 ./Drivers/STM32F4xx_HAL_Driver/Src/stm32f4xx_hal_ltdc.o
 .ARM.attributes
                0x000003eb       0x34 ./Drivers/STM32F4xx_HAL_Driver/Src/stm32f4xx_hal_rcc.o
 .ARM.attributes
                0x0000041f       0x34 ./Drivers/STM32F4xx_HAL_Driver/Src/stm32f4xx_hal_rcc_ex.o
 .ARM.attributes
                0x00000453       0x34 ./Drivers/STM32F4xx_HAL_Driver/Src/stm32f4xx_hal_rng.o
 .ARM.attributes
                0x00000487       0x34 ./Drivers/STM32F4xx_HAL_Driver/Src/stm32f4xx_hal_spi.o
 .ARM.attributes
                0x000004bb       0x34 ./Drivers/STM32F4xx_HAL_Driver/Src/stm32f4xx_hal_tim.o
 .ARM.attributes
                0x000004ef       0x34 ./Drivers/STM32F4xx_HAL_Driver/Src/stm32f4xx_hal_tim_ex.o
 .ARM.attributes
                0x00000523       0x34 /Applications/STM32CubeIDE.app/Contents/Eclipse/plugins/com.st.stm32cube.ide.mcu.externaltools.gnu-tools-for-stm32.12.3.rel1.macos64_1.1.0.202410301201/tools/bin/../lib/gcc/arm-none-eabi/12.3.1/../../../../arm-none-eabi/lib/thumb/v7e-m+fp/hard/libc_nano.a(libc_a-memset.o)
 .ARM.attributes
                0x00000557       0x34 /Applications/STM32CubeIDE.app/Contents/Eclipse/plugins/com.st.stm32cube.ide.mcu.externaltools.gnu-tools-for-stm32.12.3.rel1.macos64_1.1.0.202410301201/tools/bin/../lib/gcc/arm-none-eabi/12.3.1/../../../../arm-none-eabi/lib/thumb/v7e-m+fp/hard/libc_nano.a(libc_a-init.o)
 .ARM.attributes
                0x0000058b       0x22 /Applications/STM32CubeIDE.app/Contents/Eclipse/plugins/com.st.stm32cube.ide.mcu.externaltools.gnu-tools-for-stm32.12.3.rel1.macos64_1.1.0.202410301201/tools/bin/../lib/gcc/arm-none-eabi/12.3.1/thumb/v7e-m+fp/hard/libgcc.a(_aeabi_uldivmod.o)
 .ARM.attributes
                0x000005ad       0x34 /Applications/STM32CubeIDE.app/Contents/Eclipse/plugins/com.st.stm32cube.ide.mcu.externaltools.gnu-tools-for-stm32.12.3.rel1.macos64_1.1.0.202410301201/tools/bin/../lib/gcc/arm-none-eabi/12.3.1/thumb/v7e-m+fp/hard/libgcc.a(_udivmoddi4.o)
 .ARM.attributes
                0x000005e1       0x22 /Applications/STM32CubeIDE.app/Contents/Eclipse/plugins/com.st.stm32cube.ide.mcu.externaltools.gnu-tools-for-stm32.12.3.rel1.macos64_1.1.0.202410301201/tools/bin/../lib/gcc/arm-none-eabi/12.3.1/thumb/v7e-m+fp/hard/libgcc.a(_dvmd_tls.o)
 .ARM.attributes
                0x00000603       0x22 /Applications/STM32CubeIDE.app/Contents/Eclipse/plugins/com.st.stm32cube.ide.mcu.externaltools.gnu-tools-for-stm32.12.3.rel1.macos64_1.1.0.202410301201/tools/bin/../lib/gcc/arm-none-eabi/12.3.1/thumb/v7e-m+fp/hard/crtn.o
OUTPUT(ECEN2370_SP25_JeremySchur.elf elf32-littlearm)
LOAD linker stubs
LOAD /Applications/STM32CubeIDE.app/Contents/Eclipse/plugins/com.st.stm32cube.ide.mcu.externaltools.gnu-tools-for-stm32.12.3.rel1.macos64_1.1.0.202410301201/tools/bin/../lib/gcc/arm-none-eabi/12.3.1/../../../../arm-none-eabi/lib/thumb/v7e-m+fp/hard/libc.a
LOAD /Applications/STM32CubeIDE.app/Contents/Eclipse/plugins/com.st.stm32cube.ide.mcu.externaltools.gnu-tools-for-stm32.12.3.rel1.macos64_1.1.0.202410301201/tools/bin/../lib/gcc/arm-none-eabi/12.3.1/../../../../arm-none-eabi/lib/thumb/v7e-m+fp/hard/libm.a
LOAD /Applications/STM32CubeIDE.app/Contents/Eclipse/plugins/com.st.stm32cube.ide.mcu.externaltools.gnu-tools-for-stm32.12.3.rel1.macos64_1.1.0.202410301201/tools/bin/../lib/gcc/arm-none-eabi/12.3.1/thumb/v7e-m+fp/hard/libgcc.a

.debug_info     0x00000000    0x132c4
 .debug_info    0x00000000      0x507 ./Core/Src/ApplicationCode.o
 .debug_info    0x00000507      0x35d ./Core/Src/Game.o
 .debug_info    0x00000864     0x101e ./Core/Src/LCD_Driver.o
 .debug_info    0x00001882      0x145 ./Core/Src/fonts.o
 .debug_info    0x000019c7      0xc85 ./Core/Src/ili9341.o
 .debug_info    0x0000264c     0x198a ./Core/Src/main.o
 .debug_info    0x00003fd6     0x17b6 ./Core/Src/stm32f4xx_hal_msp.o
 .debug_info    0x0000578c      0x112 ./Core/Src/stm32f4xx_it.o
 .debug_info    0x0000589e      0xdd6 ./Core/Src/stmpe811.o
 .debug_info    0x00006674      0x6a3 ./Core/Src/syscalls.o
 .debug_info    0x00006d17      0x52e ./Core/Src/system_stm32f4xx.o
 .debug_info    0x00007245       0x30 ./Core/Startup/startup_stm32f429zitx.o
 .debug_info    0x00007275      0x9ba ./Drivers/STM32F4xx_HAL_Driver/Src/stm32f4xx_hal.o
 .debug_info    0x00007c2f      0xdc2 ./Drivers/STM32F4xx_HAL_Driver/Src/stm32f4xx_hal_cortex.o
 .debug_info    0x000089f1      0x6db ./Drivers/STM32F4xx_HAL_Driver/Src/stm32f4xx_hal_gpio.o
 .debug_info    0x000090cc     0x2421 ./Drivers/STM32F4xx_HAL_Driver/Src/stm32f4xx_hal_i2c.o
 .debug_info    0x0000b4ed      0x672 ./Drivers/STM32F4xx_HAL_Driver/Src/stm32f4xx_hal_i2c_ex.o
 .debug_info    0x0000bb5f     0x1022 ./Drivers/STM32F4xx_HAL_Driver/Src/stm32f4xx_hal_ltdc.o
 .debug_info    0x0000cb81      0x8c7 ./Drivers/STM32F4xx_HAL_Driver/Src/stm32f4xx_hal_rcc.o
 .debug_info    0x0000d448      0x64c ./Drivers/STM32F4xx_HAL_Driver/Src/stm32f4xx_hal_rcc_ex.o
 .debug_info    0x0000da94      0x493 ./Drivers/STM32F4xx_HAL_Driver/Src/stm32f4xx_hal_rng.o
 .debug_info    0x0000df27     0x1525 ./Drivers/STM32F4xx_HAL_Driver/Src/stm32f4xx_hal_spi.o
 .debug_info    0x0000f44c     0x299d ./Drivers/STM32F4xx_HAL_Driver/Src/stm32f4xx_hal_tim.o
 .debug_info    0x00011de9     0x14db ./Drivers/STM32F4xx_HAL_Driver/Src/stm32f4xx_hal_tim_ex.o

.debug_abbrev   0x00000000     0x2fd5
 .debug_abbrev  0x00000000      0x198 ./Core/Src/ApplicationCode.o
 .debug_abbrev  0x00000198      0x150 ./Core/Src/Game.o
 .debug_abbrev  0x000002e8      0x32a ./Core/Src/LCD_Driver.o
 .debug_abbrev  0x00000612       0xc6 ./Core/Src/fonts.o
 .debug_abbrev  0x000006d8      0x2c9 ./Core/Src/ili9341.o
 .debug_abbrev  0x000009a1      0x2cc ./Core/Src/main.o
 .debug_abbrev  0x00000c6d      0x25c ./Core/Src/stm32f4xx_hal_msp.o
 .debug_abbrev  0x00000ec9       0x73 ./Core/Src/stm32f4xx_it.o
 .debug_abbrev  0x00000f3c      0x2c9 ./Core/Src/stmpe811.o
 .debug_abbrev  0x00001205      0x1b6 ./Core/Src/syscalls.o
 .debug_abbrev  0x000013bb      0x11a ./Core/Src/system_stm32f4xx.o
 .debug_abbrev  0x000014d5       0x24 ./Core/Startup/startup_stm32f429zitx.o
 .debug_abbrev  0x000014f9      0x214 ./Drivers/STM32F4xx_HAL_Driver/Src/stm32f4xx_hal.o
 .debug_abbrev  0x0000170d      0x31d ./Drivers/STM32F4xx_HAL_Driver/Src/stm32f4xx_hal_cortex.o
 .debug_abbrev  0x00001a2a      0x1d4 ./Drivers/STM32F4xx_HAL_Driver/Src/stm32f4xx_hal_gpio.o
 .debug_abbrev  0x00001bfe      0x2ad ./Drivers/STM32F4xx_HAL_Driver/Src/stm32f4xx_hal_i2c.o
 .debug_abbrev  0x00001eab      0x157 ./Drivers/STM32F4xx_HAL_Driver/Src/stm32f4xx_hal_i2c_ex.o
 .debug_abbrev  0x00002002      0x233 ./Drivers/STM32F4xx_HAL_Driver/Src/stm32f4xx_hal_ltdc.o
 .debug_abbrev  0x00002235      0x2b7 ./Drivers/STM32F4xx_HAL_Driver/Src/stm32f4xx_hal_rcc.o
 .debug_abbrev  0x000024ec      0x1b0 ./Drivers/STM32F4xx_HAL_Driver/Src/stm32f4xx_hal_rcc_ex.o
 .debug_abbrev  0x0000269c      0x1c4 ./Drivers/STM32F4xx_HAL_Driver/Src/stm32f4xx_hal_rng.o
 .debug_abbrev  0x00002860      0x27a ./Drivers/STM32F4xx_HAL_Driver/Src/stm32f4xx_hal_spi.o
 .debug_abbrev  0x00002ada      0x278 ./Drivers/STM32F4xx_HAL_Driver/Src/stm32f4xx_hal_tim.o
 .debug_abbrev  0x00002d52      0x283 ./Drivers/STM32F4xx_HAL_Driver/Src/stm32f4xx_hal_tim_ex.o

.debug_aranges  0x00000000     0x13a8
 .debug_aranges
                0x00000000       0x40 ./Core/Src/ApplicationCode.o
 .debug_aranges
                0x00000040       0x30 ./Core/Src/Game.o
 .debug_aranges
                0x00000070       0xb8 ./Core/Src/LCD_Driver.o
 .debug_aranges
                0x00000128       0x18 ./Core/Src/fonts.o
 .debug_aranges
                0x00000140       0x98 ./Core/Src/ili9341.o
 .debug_aranges
                0x000001d8       0x60 ./Core/Src/main.o
 .debug_aranges
                0x00000238       0x70 ./Core/Src/stm32f4xx_hal_msp.o
 .debug_aranges
                0x000002a8       0x60 ./Core/Src/stm32f4xx_it.o
 .debug_aranges
                0x00000308       0x88 ./Core/Src/stmpe811.o
 .debug_aranges
                0x00000390       0xa8 ./Core/Src/syscalls.o
 .debug_aranges
                0x00000438       0x28 ./Core/Src/system_stm32f4xx.o
 .debug_aranges
                0x00000460       0x28 ./Core/Startup/startup_stm32f429zitx.o
 .debug_aranges
                0x00000488      0x100 ./Drivers/STM32F4xx_HAL_Driver/Src/stm32f4xx_hal.o
 .debug_aranges
                0x00000588      0x130 ./Drivers/STM32F4xx_HAL_Driver/Src/stm32f4xx_hal_cortex.o
 .debug_aranges
                0x000006b8       0x58 ./Drivers/STM32F4xx_HAL_Driver/Src/stm32f4xx_hal_gpio.o
 .debug_aranges
                0x00000710      0x2a8 ./Drivers/STM32F4xx_HAL_Driver/Src/stm32f4xx_hal_i2c.o
 .debug_aranges
                0x000009b8       0x28 ./Drivers/STM32F4xx_HAL_Driver/Src/stm32f4xx_hal_i2c_ex.o
 .debug_aranges
                0x000009e0      0x158 ./Drivers/STM32F4xx_HAL_Driver/Src/stm32f4xx_hal_ltdc.o
 .debug_aranges
                0x00000b38       0x88 ./Drivers/STM32F4xx_HAL_Driver/Src/stm32f4xx_hal_rcc.o
 .debug_aranges
                0x00000bc0       0x58 ./Drivers/STM32F4xx_HAL_Driver/Src/stm32f4xx_hal_rcc_ex.o
 .debug_aranges
                0x00000c18       0x88 ./Drivers/STM32F4xx_HAL_Driver/Src/stm32f4xx_hal_rng.o
 .debug_aranges
                0x00000ca0      0x1d0 ./Drivers/STM32F4xx_HAL_Driver/Src/stm32f4xx_hal_spi.o
 .debug_aranges
                0x00000e70      0x3d0 ./Drivers/STM32F4xx_HAL_Driver/Src/stm32f4xx_hal_tim.o
 .debug_aranges
                0x00001240      0x168 ./Drivers/STM32F4xx_HAL_Driver/Src/stm32f4xx_hal_tim_ex.o

.debug_rnglists
                0x00000000      0xf2b
 .debug_rnglists
                0x00000000       0x2d ./Core/Src/ApplicationCode.o
 .debug_rnglists
                0x0000002d       0x20 ./Core/Src/Game.o
 .debug_rnglists
                0x0000004d       0x8b ./Core/Src/LCD_Driver.o
 .debug_rnglists
                0x000000d8       0x6f ./Core/Src/ili9341.o
 .debug_rnglists
                0x00000147       0x48 ./Core/Src/main.o
 .debug_rnglists
                0x0000018f       0x53 ./Core/Src/stm32f4xx_hal_msp.o
 .debug_rnglists
                0x000001e2       0x43 ./Core/Src/stm32f4xx_it.o
 .debug_rnglists
                0x00000225       0x67 ./Core/Src/stmpe811.o
 .debug_rnglists
                0x0000028c       0x79 ./Core/Src/syscalls.o
 .debug_rnglists
                0x00000305       0x1a ./Core/Src/system_stm32f4xx.o
 .debug_rnglists
                0x0000031f       0x19 ./Core/Startup/startup_stm32f429zitx.o
 .debug_rnglists
                0x00000338       0xbb ./Drivers/STM32F4xx_HAL_Driver/Src/stm32f4xx_hal.o
 .debug_rnglists
                0x000003f3       0xe0 ./Drivers/STM32F4xx_HAL_Driver/Src/stm32f4xx_hal_cortex.o
 .debug_rnglists
                0x000004d3       0x3f ./Drivers/STM32F4xx_HAL_Driver/Src/stm32f4xx_hal_gpio.o
 .debug_rnglists
                0x00000512      0x23c ./Drivers/STM32F4xx_HAL_Driver/Src/stm32f4xx_hal_i2c.o
 .debug_rnglists
                0x0000074e       0x19 ./Drivers/STM32F4xx_HAL_Driver/Src/stm32f4xx_hal_i2c_ex.o
 .debug_rnglists
                0x00000767      0x10a ./Drivers/STM32F4xx_HAL_Driver/Src/stm32f4xx_hal_ltdc.o
 .debug_rnglists
                0x00000871       0x66 ./Drivers/STM32F4xx_HAL_Driver/Src/stm32f4xx_hal_rcc.o
 .debug_rnglists
                0x000008d7       0x43 ./Drivers/STM32F4xx_HAL_Driver/Src/stm32f4xx_hal_rcc_ex.o
 .debug_rnglists
                0x0000091a       0x63 ./Drivers/STM32F4xx_HAL_Driver/Src/stm32f4xx_hal_rng.o
 .debug_rnglists
                0x0000097d      0x16f ./Drivers/STM32F4xx_HAL_Driver/Src/stm32f4xx_hal_spi.o
 .debug_rnglists
                0x00000aec      0x31a ./Drivers/STM32F4xx_HAL_Driver/Src/stm32f4xx_hal_tim.o
 .debug_rnglists
                0x00000e06      0x125 ./Drivers/STM32F4xx_HAL_Driver/Src/stm32f4xx_hal_tim_ex.o

.debug_macro    0x00000000    0x26cf1
 .debug_macro   0x00000000      0x330 ./Core/Src/ApplicationCode.o
 .debug_macro   0x00000330      0xab4 ./Core/Src/ApplicationCode.o
 .debug_macro   0x00000de4      0x2ad ./Core/Src/ApplicationCode.o
 .debug_macro   0x00001091       0x2e ./Core/Src/ApplicationCode.o
 .debug_macro   0x000010bf       0x28 ./Core/Src/ApplicationCode.o
 .debug_macro   0x000010e7       0x22 ./Core/Src/ApplicationCode.o
 .debug_macro   0x00001109       0x8e ./Core/Src/ApplicationCode.o
 .debug_macro   0x00001197       0x51 ./Core/Src/ApplicationCode.o
 .debug_macro   0x000011e8      0x103 ./Core/Src/ApplicationCode.o
 .debug_macro   0x000012eb       0x6a ./Core/Src/ApplicationCode.o
 .debug_macro   0x00001355      0x1df ./Core/Src/ApplicationCode.o
 .debug_macro   0x00001534       0x1c ./Core/Src/ApplicationCode.o
 .debug_macro   0x00001550       0x22 ./Core/Src/ApplicationCode.o
 .debug_macro   0x00001572       0xfb ./Core/Src/ApplicationCode.o
 .debug_macro   0x0000166d     0x1011 ./Core/Src/ApplicationCode.o
 .debug_macro   0x0000267e      0x11f ./Core/Src/ApplicationCode.o
 .debug_macro   0x0000279d    0x17fd8 ./Core/Src/ApplicationCode.o
 .debug_macro   0x0001a775       0x6d ./Core/Src/ApplicationCode.o
 .debug_macro   0x0001a7e2     0x3711 ./Core/Src/ApplicationCode.o
 .debug_macro   0x0001def3      0x189 ./Core/Src/ApplicationCode.o
 .debug_macro   0x0001e07c       0x5c ./Core/Src/ApplicationCode.o
 .debug_macro   0x0001e0d8      0xcba ./Core/Src/ApplicationCode.o
 .debug_macro   0x0001ed92      0x9e9 ./Core/Src/ApplicationCode.o
 .debug_macro   0x0001f77b      0x115 ./Core/Src/ApplicationCode.o
 .debug_macro   0x0001f890      0x156 ./Core/Src/ApplicationCode.o
 .debug_macro   0x0001f9e6       0xa5 ./Core/Src/ApplicationCode.o
 .debug_macro   0x0001fa8b      0x182 ./Core/Src/ApplicationCode.o
 .debug_macro   0x0001fc0d      0x287 ./Core/Src/ApplicationCode.o
 .debug_macro   0x0001fe94       0x5f ./Core/Src/ApplicationCode.o
 .debug_macro   0x0001fef3      0x236 ./Core/Src/ApplicationCode.o
 .debug_macro   0x00020129      0x132 ./Core/Src/ApplicationCode.o
 .debug_macro   0x0002025b      0x41d ./Core/Src/ApplicationCode.o
 .debug_macro   0x00020678       0x2e ./Core/Src/ApplicationCode.o
 .debug_macro   0x000206a6      0x1b5 ./Core/Src/ApplicationCode.o
 .debug_macro   0x0002085b       0x22 ./Core/Src/ApplicationCode.o
 .debug_macro   0x0002087d       0xd6 ./Core/Src/ApplicationCode.o
 .debug_macro   0x00020953      0x198 ./Core/Src/ApplicationCode.o
 .debug_macro   0x00020aeb       0xd6 ./Core/Src/ApplicationCode.o
 .debug_macro   0x00020bc1      0x127 ./Core/Src/ApplicationCode.o
 .debug_macro   0x00020ce8       0xe2 ./Core/Src/ApplicationCode.o
 .debug_macro   0x00020dca       0x89 ./Core/Src/ApplicationCode.o
 .debug_macro   0x00020e53       0xa4 ./Core/Src/ApplicationCode.o
 .debug_macro   0x00020ef7      0x225 ./Core/Src/ApplicationCode.o
 .debug_macro   0x0002111c      0x8ed ./Core/Src/ApplicationCode.o
 .debug_macro   0x00021a09       0x4d ./Core/Src/ApplicationCode.o
 .debug_macro   0x00021a56      0x134 ./Core/Src/ApplicationCode.o
 .debug_macro   0x00021b8a      0x332 ./Core/Src/ApplicationCode.o
 .debug_macro   0x00021ebc       0x22 ./Core/Src/ApplicationCode.o
 .debug_macro   0x00021ede      0x173 ./Core/Src/ApplicationCode.o
 .debug_macro   0x00022051       0x88 ./Core/Src/ApplicationCode.o
 .debug_macro   0x000220d9       0x61 ./Core/Src/ApplicationCode.o
 .debug_macro   0x0002213a       0x2a ./Core/Src/ApplicationCode.o
 .debug_macro   0x00022164       0x43 ./Core/Src/ApplicationCode.o
 .debug_macro   0x000221a7       0x34 ./Core/Src/ApplicationCode.o
 .debug_macro   0x000221db       0x16 ./Core/Src/ApplicationCode.o
 .debug_macro   0x000221f1       0x35 ./Core/Src/ApplicationCode.o
 .debug_macro   0x00022226      0x369 ./Core/Src/ApplicationCode.o
 .debug_macro   0x0002258f       0x10 ./Core/Src/ApplicationCode.o
 .debug_macro   0x0002259f       0x16 ./Core/Src/ApplicationCode.o
 .debug_macro   0x000225b5       0x43 ./Core/Src/ApplicationCode.o
 .debug_macro   0x000225f8       0x34 ./Core/Src/ApplicationCode.o
 .debug_macro   0x0002262c       0x10 ./Core/Src/ApplicationCode.o
 .debug_macro   0x0002263c       0x58 ./Core/Src/ApplicationCode.o
 .debug_macro   0x00022694       0x8e ./Core/Src/ApplicationCode.o
 .debug_macro   0x00022722       0x1c ./Core/Src/ApplicationCode.o
 .debug_macro   0x0002273e      0x177 ./Core/Src/ApplicationCode.o
 .debug_macro   0x000228b5       0x16 ./Core/Src/ApplicationCode.o
 .debug_macro   0x000228cb       0x16 ./Core/Src/ApplicationCode.o
 .debug_macro   0x000228e1      0x146 ./Core/Src/ApplicationCode.o
 .debug_macro   0x00022a27       0x2e ./Core/Src/ApplicationCode.o
 .debug_macro   0x00022a55      0x24e ./Core/Src/Game.o
 .debug_macro   0x00022ca3      0x179 ./Core/Src/Game.o
 .debug_macro   0x00022e1c       0x28 ./Core/Src/Game.o
 .debug_macro   0x00022e44      0x245 ./Core/Src/LCD_Driver.o
 .debug_macro   0x00023089       0x6d ./Core/Src/fonts.o
 .debug_macro   0x000230f6      0x21a ./Core/Src/ili9341.o
 .debug_macro   0x00023310      0x32c ./Core/Src/ili9341.o
 .debug_macro   0x0002363c      0x33f ./Core/Src/main.o
 .debug_macro   0x0002397b      0x4c8 ./Core/Src/main.o
 .debug_macro   0x00023e43      0x21a ./Core/Src/stm32f4xx_hal_msp.o
 .debug_macro   0x0002405d      0x224 ./Core/Src/stm32f4xx_it.o
 .debug_macro   0x00024281      0x235 ./Core/Src/stmpe811.o
 .debug_macro   0x000244b6      0x274 ./Core/Src/syscalls.o
 .debug_macro   0x0002472a       0x5b ./Core/Src/syscalls.o
 .debug_macro   0x00024785       0x94 ./Core/Src/syscalls.o
 .debug_macro   0x00024819       0x57 ./Core/Src/syscalls.o
 .debug_macro   0x00024870       0x10 ./Core/Src/syscalls.o
 .debug_macro   0x00024880       0x10 ./Core/Src/syscalls.o
 .debug_macro   0x00024890       0x10 ./Core/Src/syscalls.o
 .debug_macro   0x000248a0       0x10 ./Core/Src/syscalls.o
 .debug_macro   0x000248b0       0x1c ./Core/Src/syscalls.o
 .debug_macro   0x000248cc       0x52 ./Core/Src/syscalls.o
 .debug_macro   0x0002491e       0x22 ./Core/Src/syscalls.o
 .debug_macro   0x00024940       0x10 ./Core/Src/syscalls.o
 .debug_macro   0x00024950       0x52 ./Core/Src/syscalls.o
 .debug_macro   0x000249a2       0xcf ./Core/Src/syscalls.o
 .debug_macro   0x00024a71       0x1c ./Core/Src/syscalls.o
 .debug_macro   0x00024a8d       0x3d ./Core/Src/syscalls.o
 .debug_macro   0x00024aca       0x35 ./Core/Src/syscalls.o
 .debug_macro   0x00024aff      0x12c ./Core/Src/syscalls.o
 .debug_macro   0x00024c2b       0x16 ./Core/Src/syscalls.o
 .debug_macro   0x00024c41       0x16 ./Core/Src/syscalls.o
 .debug_macro   0x00024c57       0x29 ./Core/Src/syscalls.o
 .debug_macro   0x00024c80       0x10 ./Core/Src/syscalls.o
 .debug_macro   0x00024c90      0x242 ./Core/Src/syscalls.o
 .debug_macro   0x00024ed2       0x1c ./Core/Src/syscalls.o
 .debug_macro   0x00024eee       0x10 ./Core/Src/syscalls.o
 .debug_macro   0x00024efe      0x18a ./Core/Src/syscalls.o
 .debug_macro   0x00025088       0x16 ./Core/Src/syscalls.o
 .debug_macro   0x0002509e       0xce ./Core/Src/syscalls.o
 .debug_macro   0x0002516c      0x20b ./Core/Src/system_stm32f4xx.o
 .debug_macro   0x00025377      0x26b ./Drivers/STM32F4xx_HAL_Driver/Src/stm32f4xx_hal.o
 .debug_macro   0x000255e2      0x20b ./Drivers/STM32F4xx_HAL_Driver/Src/stm32f4xx_hal_cortex.o
 .debug_macro   0x000257ed      0x211 ./Drivers/STM32F4xx_HAL_Driver/Src/stm32f4xx_hal_gpio.o
 .debug_macro   0x000259fe      0x259 ./Drivers/STM32F4xx_HAL_Driver/Src/stm32f4xx_hal_i2c.o
 .debug_macro   0x00025c57      0x20b ./Drivers/STM32F4xx_HAL_Driver/Src/stm32f4xx_hal_i2c_ex.o
 .debug_macro   0x00025e62      0x213 ./Drivers/STM32F4xx_HAL_Driver/Src/stm32f4xx_hal_ltdc.o
 .debug_macro   0x00026075      0x22f ./Drivers/STM32F4xx_HAL_Driver/Src/stm32f4xx_hal_rcc.o
 .debug_macro   0x000262a4      0x20b ./Drivers/STM32F4xx_HAL_Driver/Src/stm32f4xx_hal_rcc_ex.o
 .debug_macro   0x000264af      0x211 ./Drivers/STM32F4xx_HAL_Driver/Src/stm32f4xx_hal_rng.o
 .debug_macro   0x000266c0      0x21a ./Drivers/STM32F4xx_HAL_Driver/Src/stm32f4xx_hal_spi.o
 .debug_macro   0x000268da      0x20c ./Drivers/STM32F4xx_HAL_Driver/Src/stm32f4xx_hal_tim.o
 .debug_macro   0x00026ae6      0x20b ./Drivers/STM32F4xx_HAL_Driver/Src/stm32f4xx_hal_tim_ex.o

.debug_line     0x00000000    0x177d4
 .debug_line    0x00000000      0xa79 ./Core/Src/ApplicationCode.o
 .debug_line    0x00000a79      0x8a6 ./Core/Src/Game.o
 .debug_line    0x0000131f      0xb98 ./Core/Src/LCD_Driver.o
 .debug_line    0x00001eb7      0x39f ./Core/Src/fonts.o
 .debug_line    0x00002256      0x997 ./Core/Src/ili9341.o
 .debug_line    0x00002bed      0xc4a ./Core/Src/main.o
 .debug_line    0x00003837      0x955 ./Core/Src/stm32f4xx_hal_msp.o
 .debug_line    0x0000418c      0x818 ./Core/Src/stm32f4xx_it.o
 .debug_line    0x000049a4      0xb6a ./Core/Src/stmpe811.o
 .debug_line    0x0000550e      0x841 ./Core/Src/syscalls.o
 .debug_line    0x00005d4f      0x7da ./Core/Src/system_stm32f4xx.o
 .debug_line    0x00006529       0x7a ./Core/Startup/startup_stm32f429zitx.o
 .debug_line    0x000065a3      0xa79 ./Drivers/STM32F4xx_HAL_Driver/Src/stm32f4xx_hal.o
 .debug_line    0x0000701c      0xd35 ./Drivers/STM32F4xx_HAL_Driver/Src/stm32f4xx_hal_cortex.o
 .debug_line    0x00007d51      0xbf7 ./Drivers/STM32F4xx_HAL_Driver/Src/stm32f4xx_hal_gpio.o
 .debug_line    0x00008948     0x3b89 ./Drivers/STM32F4xx_HAL_Driver/Src/stm32f4xx_hal_i2c.o
 .debug_line    0x0000c4d1      0x7d0 ./Drivers/STM32F4xx_HAL_Driver/Src/stm32f4xx_hal_i2c_ex.o
 .debug_line    0x0000cca1     0x17fa ./Drivers/STM32F4xx_HAL_Driver/Src/stm32f4xx_hal_ltdc.o
 .debug_line    0x0000e49b      0xdce ./Drivers/STM32F4xx_HAL_Driver/Src/stm32f4xx_hal_rcc.o
 .debug_line    0x0000f269      0xc18 ./Drivers/STM32F4xx_HAL_Driver/Src/stm32f4xx_hal_rcc_ex.o
 .debug_line    0x0000fe81      0x9d2 ./Drivers/STM32F4xx_HAL_Driver/Src/stm32f4xx_hal_rng.o
 .debug_line    0x00010853     0x1d61 ./Drivers/STM32F4xx_HAL_Driver/Src/stm32f4xx_hal_spi.o
 .debug_line    0x000125b4     0x37e7 ./Drivers/STM32F4xx_HAL_Driver/Src/stm32f4xx_hal_tim.o
 .debug_line    0x00015d9b     0x1a39 ./Drivers/STM32F4xx_HAL_Driver/Src/stm32f4xx_hal_tim_ex.o

.debug_str      0x00000000    0xe2a55
 .debug_str     0x00000000    0xda4ca ./Core/Src/ApplicationCode.o
                              0xda7eb (size before relaxing)
 .debug_str     0x000da4ca       0x43 ./Core/Src/Game.o
                              0xd6e29 (size before relaxing)
 .debug_str     0x000da50d      0x716 ./Core/Src/LCD_Driver.o
                              0xd764e (size before relaxing)
 .debug_str     0x000dac23       0x40 ./Core/Src/fonts.o
                               0x3d7d (size before relaxing)
 .debug_str     0x000dac63      0x537 ./Core/Src/ili9341.o
                              0xd6bc8 (size before relaxing)
 .debug_str     0x000db19a     0x1741 ./Core/Src/main.o
                              0xdc57e (size before relaxing)
 .debug_str     0x000dc8db      0x11e ./Core/Src/stm32f4xx_hal_msp.o
                              0xd779c (size before relaxing)
 .debug_str     0x000dc9f9       0xc9 ./Core/Src/stm32f4xx_it.o
                              0xd67b8 (size before relaxing)
 .debug_str     0x000dcac2      0x171 ./Core/Src/stmpe811.o
                              0xd6862 (size before relaxing)
 .debug_str     0x000dcc33     0x20a2 ./Core/Src/syscalls.o
                               0x98b4 (size before relaxing)
 .debug_str     0x000decd5       0xdb ./Core/Src/system_stm32f4xx.o
                              0xd59ba (size before relaxing)
 .debug_str     0x000dedb0       0x44 ./Core/Startup/startup_stm32f429zitx.o
                                 0x7f (size before relaxing)
 .debug_str     0x000dedf4      0xb7a ./Drivers/STM32F4xx_HAL_Driver/Src/stm32f4xx_hal.o
                              0xd65dd (size before relaxing)
 .debug_str     0x000df96e      0x392 ./Drivers/STM32F4xx_HAL_Driver/Src/stm32f4xx_hal_cortex.o
                              0xd630b (size before relaxing)
 .debug_str     0x000dfd00      0x121 ./Drivers/STM32F4xx_HAL_Driver/Src/stm32f4xx_hal_gpio.o
                              0xd5b35 (size before relaxing)
 .debug_str     0x000dfe21      0xb1e ./Drivers/STM32F4xx_HAL_Driver/Src/stm32f4xx_hal_i2c.o
                              0xd69ca (size before relaxing)
 .debug_str     0x000e093f       0x3b ./Drivers/STM32F4xx_HAL_Driver/Src/stm32f4xx_hal_i2c_ex.o
                              0xd5d89 (size before relaxing)
 .debug_str     0x000e097a      0x491 ./Drivers/STM32F4xx_HAL_Driver/Src/stm32f4xx_hal_ltdc.o
                              0xd601e (size before relaxing)
 .debug_str     0x000e0e0b      0x213 ./Drivers/STM32F4xx_HAL_Driver/Src/stm32f4xx_hal_rcc.o
                              0xd5dee (size before relaxing)
 .debug_str     0x000e101e      0x133 ./Drivers/STM32F4xx_HAL_Driver/Src/stm32f4xx_hal_rcc_ex.o
                              0xd5bb5 (size before relaxing)
 .debug_str     0x000e1151      0x16f ./Drivers/STM32F4xx_HAL_Driver/Src/stm32f4xx_hal_rng.o
                              0xd5aa7 (size before relaxing)
 .debug_str     0x000e12c0      0x518 ./Drivers/STM32F4xx_HAL_Driver/Src/stm32f4xx_hal_spi.o
                              0xd6265 (size before relaxing)
 .debug_str     0x000e17d8      0xdea ./Drivers/STM32F4xx_HAL_Driver/Src/stm32f4xx_hal_tim.o
                              0xd6d31 (size before relaxing)
 .debug_str     0x000e25c2      0x493 ./Drivers/STM32F4xx_HAL_Driver/Src/stm32f4xx_hal_tim_ex.o
                              0xd653d (size before relaxing)

.comment        0x00000000       0x43
 .comment       0x00000000       0x43 ./Core/Src/ApplicationCode.o
                                 0x44 (size before relaxing)
 .comment       0x00000043       0x44 ./Core/Src/Game.o
 .comment       0x00000043       0x44 ./Core/Src/LCD_Driver.o
 .comment       0x00000043       0x44 ./Core/Src/fonts.o
 .comment       0x00000043       0x44 ./Core/Src/ili9341.o
 .comment       0x00000043       0x44 ./Core/Src/main.o
 .comment       0x00000043       0x44 ./Core/Src/stm32f4xx_hal_msp.o
 .comment       0x00000043       0x44 ./Core/Src/stm32f4xx_it.o
 .comment       0x00000043       0x44 ./Core/Src/stmpe811.o
 .comment       0x00000043       0x44 ./Core/Src/syscalls.o
 .comment       0x00000043       0x44 ./Core/Src/system_stm32f4xx.o
 .comment       0x00000043       0x44 ./Drivers/STM32F4xx_HAL_Driver/Src/stm32f4xx_hal.o
 .comment       0x00000043       0x44 ./Drivers/STM32F4xx_HAL_Driver/Src/stm32f4xx_hal_cortex.o
 .comment       0x00000043       0x44 ./Drivers/STM32F4xx_HAL_Driver/Src/stm32f4xx_hal_gpio.o
 .comment       0x00000043       0x44 ./Drivers/STM32F4xx_HAL_Driver/Src/stm32f4xx_hal_i2c.o
 .comment       0x00000043       0x44 ./Drivers/STM32F4xx_HAL_Driver/Src/stm32f4xx_hal_i2c_ex.o
 .comment       0x00000043       0x44 ./Drivers/STM32F4xx_HAL_Driver/Src/stm32f4xx_hal_ltdc.o
 .comment       0x00000043       0x44 ./Drivers/STM32F4xx_HAL_Driver/Src/stm32f4xx_hal_rcc.o
 .comment       0x00000043       0x44 ./Drivers/STM32F4xx_HAL_Driver/Src/stm32f4xx_hal_rcc_ex.o
 .comment       0x00000043       0x44 ./Drivers/STM32F4xx_HAL_Driver/Src/stm32f4xx_hal_rng.o
 .comment       0x00000043       0x44 ./Drivers/STM32F4xx_HAL_Driver/Src/stm32f4xx_hal_spi.o
 .comment       0x00000043       0x44 ./Drivers/STM32F4xx_HAL_Driver/Src/stm32f4xx_hal_tim.o
 .comment       0x00000043       0x44 ./Drivers/STM32F4xx_HAL_Driver/Src/stm32f4xx_hal_tim_ex.o

.debug_frame    0x00000000     0x5240
 .debug_frame   0x00000000       0xa4 ./Core/Src/ApplicationCode.o
 .debug_frame   0x000000a4       0x80 ./Core/Src/Game.o
 .debug_frame   0x00000124      0x2d8 ./Core/Src/LCD_Driver.o
 .debug_frame   0x000003fc      0x228 ./Core/Src/ili9341.o
 .debug_frame   0x00000624      0x130 ./Core/Src/main.o
 .debug_frame   0x00000754      0x1b0 ./Core/Src/stm32f4xx_hal_msp.o
 .debug_frame   0x00000904      0x104 ./Core/Src/stm32f4xx_it.o
 .debug_frame   0x00000a08      0x204 ./Core/Src/stmpe811.o
 .debug_frame   0x00000c0c      0x2ac ./Core/Src/syscalls.o
 .debug_frame   0x00000eb8       0x58 ./Core/Src/system_stm32f4xx.o
 .debug_frame   0x00000f10      0x3b4 ./Drivers/STM32F4xx_HAL_Driver/Src/stm32f4xx_hal.o
 .debug_frame   0x000012c4      0x508 ./Drivers/STM32F4xx_HAL_Driver/Src/stm32f4xx_hal_cortex.o
 .debug_frame   0x000017cc      0x14c ./Drivers/STM32F4xx_HAL_Driver/Src/stm32f4xx_hal_gpio.o
 .debug_frame   0x00001918      0xc84 ./Drivers/STM32F4xx_HAL_Driver/Src/stm32f4xx_hal_i2c.o
 .debug_frame   0x0000259c       0x60 ./Drivers/STM32F4xx_HAL_Driver/Src/stm32f4xx_hal_i2c_ex.o
 .debug_frame   0x000025fc      0x61c ./Drivers/STM32F4xx_HAL_Driver/Src/stm32f4xx_hal_ltdc.o
 .debug_frame   0x00002c18      0x1f4 ./Drivers/STM32F4xx_HAL_Driver/Src/stm32f4xx_hal_rcc.o
 .debug_frame   0x00002e0c      0x13c ./Drivers/STM32F4xx_HAL_Driver/Src/stm32f4xx_hal_rcc_ex.o
 .debug_frame   0x00002f48      0x22c ./Drivers/STM32F4xx_HAL_Driver/Src/stm32f4xx_hal_rng.o
 .debug_frame   0x00003174      0x828 ./Drivers/STM32F4xx_HAL_Driver/Src/stm32f4xx_hal_spi.o
 .debug_frame   0x0000399c     0x11c0 ./Drivers/STM32F4xx_HAL_Driver/Src/stm32f4xx_hal_tim.o
 .debug_frame   0x00004b5c      0x638 ./Drivers/STM32F4xx_HAL_Driver/Src/stm32f4xx_hal_tim_ex.o
 .debug_frame   0x00005194       0x20 /Applications/STM32CubeIDE.app/Contents/Eclipse/plugins/com.st.stm32cube.ide.mcu.externaltools.gnu-tools-for-stm32.12.3.rel1.macos64_1.1.0.202410301201/tools/bin/../lib/gcc/arm-none-eabi/12.3.1/../../../../arm-none-eabi/lib/thumb/v7e-m+fp/hard/libc_nano.a(libc_a-memset.o)
 .debug_frame   0x000051b4       0x2c /Applications/STM32CubeIDE.app/Contents/Eclipse/plugins/com.st.stm32cube.ide.mcu.externaltools.gnu-tools-for-stm32.12.3.rel1.macos64_1.1.0.202410301201/tools/bin/../lib/gcc/arm-none-eabi/12.3.1/../../../../arm-none-eabi/lib/thumb/v7e-m+fp/hard/libc_nano.a(libc_a-init.o)
 .debug_frame   0x000051e0       0x2c /Applications/STM32CubeIDE.app/Contents/Eclipse/plugins/com.st.stm32cube.ide.mcu.externaltools.gnu-tools-for-stm32.12.3.rel1.macos64_1.1.0.202410301201/tools/bin/../lib/gcc/arm-none-eabi/12.3.1/thumb/v7e-m+fp/hard/libgcc.a(_aeabi_uldivmod.o)
 .debug_frame   0x0000520c       0x34 /Applications/STM32CubeIDE.app/Contents/Eclipse/plugins/com.st.stm32cube.ide.mcu.externaltools.gnu-tools-for-stm32.12.3.rel1.macos64_1.1.0.202410301201/tools/bin/../lib/gcc/arm-none-eabi/12.3.1/thumb/v7e-m+fp/hard/libgcc.a(_udivmoddi4.o)

.debug_line_str
                0x00000000       0x63
 .debug_line_str
                0x00000000       0x63 ./Core/Startup/startup_stm32f429zitx.o
